<html>
<body>
<pre>
<h1>µVision Build Log</h1>
<h2>Tool Versions:</h2>
IDE-Version: ¦ÌVision V5.14.0.0
Copyright (C) 2015 ARM Ltd and ARM Germany GmbH. All rights reserved.
License Information: kelly Microsoft, Microsoft, LIC=JL22Z-J53Q8-55DT2-9G73R-2KWDG-KBB7V
 
Tool Versions:
Toolchain:       MDK-ARM Standard  Version: 5.14.0.0
Toolchain Path:  C:\Keil_v5\ARM\ARMCC\Bin
C Compiler:      Armcc.exe V5.05 update 1 (build 106)
Assembler:       Armasm.exe V5.05 update 1 (build 106)
Linker/Locator:  ArmLink.exe V5.05 update 1 (build 106)
Library Manager: ArmAr.exe V5.05 update 1 (build 106)
Hex Converter:   FromElf.exe V5.05 update 1 (build 106)
CPU DLL:         SARMCM3.DLL V5.14.0.0
Dialog DLL:      DCM.DLL V1.13.1.0
Target DLL:      STLink\ST-LINKIII-KEIL_SWO.dll V2.0.18.0
Dialog DLL:      TCM.DLL V1.14.4.0
 
<h2>Project:</h2>
C:\Users\Administrator\Desktop\LED\LED_4-6\contrl.uvprojx
Project File Date:  02/18/2017

<h2>Output:</h2>
Rebuild target 'Target 1'
compiling adc.c...
compiling cmd.c...
compiling crc.c...
compiling delay.c...
compiling dog.c...
compiling exti.c...
compiling flash.c...
compiling main.c...
compiling pwm.c...
compiling rcc.c...
compiling rs485.c...
compiling rtc.c...
compiling stm32f10x_it.c...
compiling system_stm32f10x.c...
compiling usart.c...
compiling Usart_Data_analyze.c...
user\Usart_Data_analyze.c(115): warning:  #550-D: variable "i" was set but never used
        u8 packdata[50], x, y=6, i;
user\Usart_Data_analyze.c: 1 warning, 0 errors
compiling V_Timer.c...
compiling misc.c...
compiling stm32f10x_rcc.c...
compiling stm32f10x_flash.c...
compiling core_cm3.c...
assembling startup_stm32f10x_hd.s...
linking...
Program Size: Code=8256 RO-data=544 RW-data=80 ZI-data=1224  
FromELF: creating hex file...
".\Objects\control.axf" - 0 Error(s), 1 Warning(s).

<h2>Collection of Component include folders:</h2>
  C:\Users\Administrator\Desktop\LED\LED_4-6\RTE
  C:\Keil_v5\ARM\PACK\Keil\STM32F1xx_DFP\2.1.0

<h2>Collection of Component Files used:</h2>
</pre>
</body>
</html>
