<html>
<body>
<pre>
<h1>µVision Build Log</h1>
<h2>Tool Versions:</h2>
IDE-Version: ¦ÌVision V5.17.0.0
Copyright (C) 2015 ARM Ltd and ARM Germany GmbH. All rights reserved.
License Information: dsfadf Microsoft, Microsoft, LIC=IK19U-SFCXF-MLTCI-TBPBL-FP81D-H7ZK0
 
Tool Versions:
Toolchain:       MDK-ARM Standard  Version: 5.17
Toolchain Path:  C:\Keil_v5\ARM\ARMCC\Bin
C Compiler:      Armcc.exe V5.06 update 1 (build 61)
Assembler:       Armasm.exe V5.06 update 1 (build 61)
Linker/Locator:  ArmLink.exe V5.06 update 1 (build 61)
Library Manager: ArmAr.exe V5.06 update 1 (build 61)
Hex Converter:   FromElf.exe V5.06 update 1 (build 61)
CPU DLL:         SARMCM3.DLL V5.17
Dialog DLL:      DCM.DLL V1.13.4.0
Target DLL:      STLink\ST-LINKIII-KEIL_SWO.dll V2.0.18.0
Dialog DLL:      TCM.DLL V1.14.6.0
 
<h2>Project:</h2>
E:\STM32\stm32code\LED_4-12_1\contrl.uvprojx
Project File Date:  04/19/2017

<h2>Output:</h2>
*** Using Compiler 'V5.06 update 1 (build 61)', folder: 'C:\Keil_v5\ARM\ARMCC\Bin'
Rebuild target 'Target 1'
compiling crc.c...
compiling cmd.c...
user\cmd.h(28): warning:  #1295-D: Deprecated declaration set_hertdatauptime - give arg types
  void set_hertdatauptime();
user\cmd.h(29): warning:  #1295-D: Deprecated declaration backhertdatatime - give arg types
  void backhertdatatime();
user\cmd.c: 2 warnings, 0 errors
compiling adc.c...
user\cmd.h(28): warning:  #1295-D: Deprecated declaration set_hertdatauptime - give arg types
  void set_hertdatauptime();
user\cmd.h(29): warning:  #1295-D: Deprecated declaration backhertdatatime - give arg types
  void backhertdatatime();
user\adc.c: 2 warnings, 0 errors
compiling delay.c...
compiling dog.c...
compiling exti.c...
user\cmd.h(28): warning:  #1295-D: Deprecated declaration set_hertdatauptime - give arg types
  void set_hertdatauptime();
user\cmd.h(29): warning:  #1295-D: Deprecated declaration backhertdatatime - give arg types
  void backhertdatatime();
user\exti.c: 2 warnings, 0 errors
compiling flash.c...
compiling pwm.c...
user\cmd.h(28): warning:  #1295-D: Deprecated declaration set_hertdatauptime - give arg types
  void set_hertdatauptime();
user\cmd.h(29): warning:  #1295-D: Deprecated declaration backhertdatatime - give arg types
  void backhertdatatime();
user\pwm.c: 2 warnings, 0 errors
compiling main.c...
user\cmd.h(28): warning:  #1295-D: Deprecated declaration set_hertdatauptime - give arg types
  void set_hertdatauptime();
user\cmd.h(29): warning:  #1295-D: Deprecated declaration backhertdatatime - give arg types
  void backhertdatatime();
user\main.c: 2 warnings, 0 errors
compiling rs485.c...
compiling rcc.c...
compiling rtc.c...
compiling system_stm32f10x.c...
compiling stm32f10x_it.c...
compiling usart.c...
user\cmd.h(28): warning:  #1295-D: Deprecated declaration set_hertdatauptime - give arg types
  void set_hertdatauptime();
user\cmd.h(29): warning:  #1295-D: Deprecated declaration backhertdatatime - give arg types
  void backhertdatatime();
user\usart.c(82): warning:  #550-D: variable "temp" was set but never used
  	u8 temp;
user\usart.c: 3 warnings, 0 errors
compiling V_Timer.c...
compiling misc.c...
compiling Usart_Data_analyze.c...
user\cmd.h(28): warning:  #1295-D: Deprecated declaration set_hertdatauptime - give arg types
  void set_hertdatauptime();
user\cmd.h(29): warning:  #1295-D: Deprecated declaration backhertdatatime - give arg types
  void backhertdatatime();
user\Usart_Data_analyze.c(197): warning:  #550-D: variable "i" was set but never used
  	u8 packdata[50], x, y=6, i;
user\Usart_Data_analyze.c(393): warning:  #177-D: variable "i" was declared but never referenced
  	u8 i;
user\Usart_Data_analyze.c: 4 warnings, 0 errors
compiling core_cm3.c...
assembling startup_stm32f10x_hd.s...
compiling stm32f10x_rcc.c...
compiling stm32f10x_flash.c...
linking...
Program Size: Code=10680 RO-data=544 RW-data=124 ZI-data=1540  
FromELF: creating hex file...
".\Objects\LED.axf" - 0 Error(s), 17 Warning(s).

<h2>Collection of Component include folders:</h2>
  E:\STM32\stm32code\LED_4-12_1\RTE
  C:\Keil_v5\ARM\PACK\Keil\STM32F1xx_DFP\2.1.0\Device\Include

<h2>Collection of Component Files used:</h2>
Build Time Elapsed:  00:00:11
</pre>
</body>
</html>
