<html>
<body>
<pre>
<h1>µVision Build Log</h1>
<h2>Tool Versions:</h2>
IDE-Version: ¦ÌVision V5.17.0.0
Copyright (C) 2015 ARM Ltd and ARM Germany GmbH. All rights reserved.
License Information: dsfadf Microsoft, Microsoft, LIC=IK19U-SFCXF-MLTCI-TBPBL-FP81D-H7ZK0
 
Tool Versions:
Toolchain:       MDK-ARM Standard  Version: 5.17
Toolchain Path:  C:\Keil_v5\ARM\ARMCC\Bin
C Compiler:      Armcc.exe V5.06 update 1 (build 61)
Assembler:       Armasm.exe V5.06 update 1 (build 61)
Linker/Locator:  ArmLink.exe V5.06 update 1 (build 61)
Library Manager: ArmAr.exe V5.06 update 1 (build 61)
Hex Converter:   FromElf.exe V5.06 update 1 (build 61)
CPU DLL:         SARMCM3.DLL V5.17
Dialog DLL:      DARMSTM.DLL V1.65.0.0
Target DLL:      STLink\ST-LINKIII-KEIL_SWO.dll V2.0.18.0
Dialog DLL:      TARMSTM.DLL V1.64.0.0
 
<h2>Project:</h2>
E:\STM32\stm32code\LED_1-18(json)\jiuvgh.uvprojx
Project File Date:  01/12/2017

<h2>Output:</h2>
*** Using Compiler 'V5.06 update 1 (build 61)', folder: 'C:\Keil_v5\ARM\ARMCC\Bin'
Rebuild target 'Target 1'
compiling rcc.c...
compiling usart.c...
compiling main.c...
main.c(199): warning:  #167-D: argument of type "u8 *" is incompatible with parameter of type "const char *"
  			id=(u16)atoi(debug_data[0]);
main.c(200): warning:  #167-D: argument of type "u8 *" is incompatible with parameter of type "const char *"
  			adc_u=atof(debug_data[1]);
main.c(201): warning:  #167-D: argument of type "u8 *" is incompatible with parameter of type "const char *"
  			adc_i=atof(debug_data[2]);
main.c(202): warning:  #167-D: argument of type "u8 *" is incompatible with parameter of type "const char *"
  			y=atoi(debug_data[3]);
main.c(203): warning:  #167-D: argument of type "u8 *" is incompatible with parameter of type "const char *"
  			m=atoi(debug_data[4]);
main.c(204): warning:  #167-D: argument of type "u8 *" is incompatible with parameter of type "const char *"
  			d=atoi(debug_data[5]);
main.c(205): warning:  #167-D: argument of type "u8 *" is incompatible with parameter of type "const char *"
  			h=atoi(debug_data[6]);
main.c(206): warning:  #167-D: argument of type "u8 *" is incompatible with parameter of type "const char *"
  			mi=atoi(debug_data[7]);
main.c(207): warning:  #167-D: argument of type "u8 *" is incompatible with parameter of type "const char *"
  			s=atoi(debug_data[8]);
main.c: 9 warnings, 0 errors
compiling pwm.c...
compiling adc.c...
compiling flash.c...
compiling rtc.c...
compiling Usart_Data_analyze.c...
Usart_Data_analyze.c(140): warning:  #167-D: argument of type "u8 *" is incompatible with parameter of type "const char *"
  		if(strcmp(json1[i].string,"ID")==0)
Usart_Data_analyze.c(142): warning:  #167-D: argument of type "u8 *" is incompatible with parameter of type "const char *"
  			if((u16)atoi(json1[i].value)==*a||(u16)atoi(json1[i].value)==0)
Usart_Data_analyze.c(142): warning:  #167-D: argument of type "u8 *" is incompatible with parameter of type "const char *"
  			if((u16)atoi(json1[i].value)==*a||(u16)atoi(json1[i].value)==0)
Usart_Data_analyze.c(146): warning:  #167-D: argument of type "u8 *" is incompatible with parameter of type "const char *"
  					if(strcmp(json1[j].string,"TYPE")==0)
Usart_Data_analyze.c(148): warning:  #167-D: argument of type "u8 *" is incompatible with parameter of type "const char *"
  						if(strcmp(json1[j].value,"CTRL")==0)
Usart_Data_analyze.c(152): warning:  #167-D: argument of type "u8 *" is incompatible with parameter of type "const char *"
  								if(strcmp(json1[z].string,"PWM")==0)
Usart_Data_analyze.c(156): warning:  #167-D: argument of type "u8 *" is incompatible with parameter of type "const char *"
  									if(strcmp(json1[z].value,"10")==0)
Usart_Data_analyze.c(162): warning:  #167-D: argument of type "u8 *" is incompatible with parameter of type "const char *"
  									if(strcmp(json1[z].value,"20")==0)
Usart_Data_analyze.c(168): warning:  #167-D: argument of type "u8 *" is incompatible with parameter of type "const char *"
  									if(strcmp(json1[z].value,"30")==0)
Usart_Data_analyze.c(174): warning:  #167-D: argument of type "u8 *" is incompatible with parameter of type "const char *"
  									if(strcmp(json1[z].value,"40")==0)
Usart_Data_analyze.c(180): warning:  #167-D: argument of type "u8 *" is incompatible with parameter of type "const char *"
  									if(strcmp(json1[z].value,"50")==0)
Usart_Data_analyze.c(188): warning:  #167-D: argument of type "u8 *" is incompatible with parameter of type "const char *"
  									if(strcmp(json1[z].value,"60")==0)
Usart_Data_analyze.c(194): warning:  #167-D: argument of type "u8 *" is incompatible with parameter of type "const char *"
  									if(strcmp(json1[z].string,"70")==0)
Usart_Data_analyze.c(200): warning:  #167-D: argument of type "u8 *" is incompatible with parameter of type "const char *"
  									if(strcmp(json1[z].value,"80")==0)
Usart_Data_analyze.c(206): warning:  #167-D: argument of type "u8 *" is incompatible with parameter of type "const char *"
  									if(strcmp(json1[z].value,"90")==0)
Usart_Data_analyze.c(212): warning:  #167-D: argument of type "u8 *" is incompatible with parameter of type "const char *"
  									if(strcmp(json1[z].value,"100")==0)
Usart_Data_analyze.c(218): warning:  #167-D: argument of type "u8 *" is incompatible with parameter of type "const char *"
  									if(strcmp(json1[z].value,"0")==0)
Usart_Data_analyze.c(228): warning:  #167-D: argument of type "u8 *" is incompatible with parameter of type "const char *"
  						if(strcmp(json1[j].value,"SET")==0)
Usart_Data_analyze.c(233): warning:  #167-D: argument of type "u8 *" is incompatible with parameter of type "const char *"
  								if(strcmp(json1[x].string,"LINE")==0)
Usart_Data_analyze.c(235): warning:  #167-D: argument of type "u8 *" is incompatible with parameter of type "const char *"
  									line1[0]=(u16)atoi(json1[x].value);
Usart_Data_analyze.c(238): warning:  #167-D: argument of type "u8 *" is incompatible with parameter of type "const char *"
  								if(strcmp(json1[x].string,"NUM")==0)
Usart_Data_analyze.c(240): warning:  #167-D: argument of type "u8 *" is incompatible with parameter of type "const char *"
  									line1[1]=(u16)atoi(json1[x].value);
Usart_Data_analyze.c(242): warning:  #167-D: argument of type "u8 *" is incompatible with parameter of type "const char *"
  								if(strcmp(json1[x].string,"TIME")==0)
Usart_Data_analyze.c(259): warning:  #167-D: argument of type "u8 *" is incompatible with parameter of type "const char *"
  									line1[c]=(u16)atoi(time[0]);
Usart_Data_analyze.c(261): warning:  #167-D: argument of type "u8 *" is incompatible with parameter of type "const char *"
  									line1[c]=(u16)atoi(time[1]);							
Usart_Data_analyze.c(263): warning:  #167-D: argument of type "u8 *" is incompatible with parameter of type "const char *"
  								if(strcmp(json1[x].string,"PWM")==0)
Usart_Data_analyze.c(266): warning:  #167-D: argument of type "u8 *" is incompatible with parameter of type "const char *"
  									line1[c]=(u16)atoi(json1[x].value);	
Usart_Data_analyze.c(268): warning:  #167-D: argument of type "u8 *" is incompatible with parameter of type "const char *"
  								if(strcmp(json1[x].string,"FLAG")==0)
Usart_Data_analyze.c(270): warning:  #167-D: argument of type "u8 *" is incompatible with parameter of type "const char *"
  										if(strcmp(json1[x].value,"STOP")==0)
Usart_Data_analyze.c(275): warning:  #167-D: argument of type "u8 *" is incompatible with parameter of type "const char *"
  										if(strcmp(json1[x].value,"START")==0)
Usart_Data_analyze.c: 30 warnings, 0 errors
compiling exti.c...
compiling rs485.c...
compiling dog.c...
compiling crc.c...
compiling delay.c...
compiling ADC_MCBSTM32E.c...
compiling Buttons_MCBSTM32E.c...
compiling misc.c...
compiling stm32f10x_adc.c...
compiling stm32f10x_dma.c...
compiling stm32f10x_flash.c...
compiling stm32f10x_gpio.c...
compiling stm32f10x_rcc.c...
compiling stm32f10x_spi.c...
compiling stm32f10x_rtc.c...
compiling stm32f10x_tim.c...
compiling stm32f10x_usart.c...
compiling DMA_STM32F10x.c...
assembling startup_stm32f10x_md.s...
compiling GPIO_STM32F10x.c...
compiling system_stm32f10x.c...
linking...
Program Size: Code=14336 RO-data=680 RW-data=112 ZI-data=1376  
FromELF: creating hex file...
".\Objects\jiuvgh.axf" - 0 Error(s), 39 Warning(s).

<h2>Software Packages used:</h2>

Package Vendor: ARM
                http://www.keil.com/pack/ARM.CMSIS.4.5.0.pack
                ARM::CMSIS:CORE:4.3.0
                CMSIS (Cortex Microcontroller Software Interface Standard)
   * Component: CORE Version: 4.3.0
   * Component: DSP Version: 1.4.6

Package Vendor: Keil
                http://www.keil.com/pack/Keil.MDK-Middleware.6.5.0.pack
                ::Board Support:Buttons:1.00 (API)
                Keil MDK-ARM Professional Middleware for ARM Cortex-M based devices
   * Component: Buttons Version: 1.00
   * Component: A/D Converter Version: 1.00

Package Vendor: Keil
                http://www.keil.com/pack/Keil.STM32F1xx_DFP.2.1.0.pack
                Keil::Device:Startup:1.0.0
                STMicroelectronics STM32F1 Series Device Support, Drivers and Examples
   * Component: Startup Version: 1.0.0
   * Component: Framework Version: 3.5.1
   * Component: ADC Version: 3.5.0
   * Component: DMA Version: 3.5.0
   * Component: Flash Version: 3.5.0
   * Component: GPIO Version: 3.5.0
   * Component: RCC Version: 3.5.0
   * Component: RTC Version: 3.5.0
   * Component: SPI Version: 3.5.0
   * Component: TIM Version: 3.5.0
   * Component: USART Version: 3.5.0
   * Component: GPIO Version: 1.2
   * Component: DMA Version: 1.2
   * Component: A/D Converter Version: 2.0.0
   * Component: Buttons Version: 2.0.0

<h2>Collection of Component include folders:</h2>
  E:\STM32\stm32code\LED_1-18(json)\RTE
  E:\STM32\stm32code\LED_1-18(json)\RTE\Device\STM32F103C8
  C:\Keil_v5\ARM\PACK\ARM\CMSIS\4.5.0\CMSIS\Include
  C:\Keil_v5\ARM\PACK\Keil\MDK-Middleware\6.5.0\Board
  C:\Keil_v5\ARM\PACK\Keil\STM32F1xx_DFP\2.1.0\Device\Include
  C:\Keil_v5\ARM\PACK\Keil\STM32F1xx_DFP\2.1.0\Device\StdPeriph_Driver\inc
  C:\Keil_v5\ARM\PACK\Keil\STM32F1xx_DFP\2.1.0\RTE_Driver

<h2>Collection of Component Files used:</h2>

   * Component: ARM::CMSIS:CORE:4.3.0

   * Component: ARM::CMSIS:DSP:1.4.6
      Include file:  CMSIS\Include\arm_math.h
      Library file:  CMSIS\Lib\ARM\arm_cortexM3l_math.lib

   * Component: ::Board Support:Buttons:1.00 (API)
      Include file:  Board\Board_Buttons.h

   * Component: ::Board Support:A/D Converter:1.00 (API)
      Include file:  Board\Board_ADC.h

   * Component: Keil::Device:Startup:1.0.0
      Source file:   Device\Source\ARM\STM32F1xx_OPT.s
      Source file:   Device\Source\ARM\startup_stm32f10x_md.s
      Source file:   Device\Source\system_stm32f10x.c
      Include file:  RTE_Driver\Config\RTE_Device.h

   * Component: Keil::Device:StdPeriph Drivers:Framework:3.5.1
      Include file:  Device\StdPeriph_Driver\inc\misc.h
      Source file:   Device\StdPeriph_Driver\src\misc.c
      Source file:   Device\StdPeriph_Driver\templates\stm32f10x_conf.h
      Include file:  Device\StdPeriph_Driver\templates\stm32f10x_it.h
      Source file:   Device\StdPeriph_Driver\templates\stm32f10x_it.c

   * Component: Keil::Device:StdPeriph Drivers:ADC:3.5.0
      Include file:  Device\StdPeriph_Driver\inc\stm32f10x_adc.h
      Source file:   Device\StdPeriph_Driver\src\stm32f10x_adc.c

   * Component: Keil::Device:StdPeriph Drivers:DMA:3.5.0
      Include file:  Device\StdPeriph_Driver\inc\stm32f10x_dma.h
      Source file:   Device\StdPeriph_Driver\src\stm32f10x_dma.c

   * Component: Keil::Device:StdPeriph Drivers:Flash:3.5.0
      Include file:  Device\StdPeriph_Driver\inc\stm32f10x_flash.h
      Source file:   Device\StdPeriph_Driver\src\stm32f10x_flash.c

   * Component: Keil::Device:StdPeriph Drivers:GPIO:3.5.0
      Include file:  Device\StdPeriph_Driver\inc\stm32f10x_gpio.h
      Source file:   Device\StdPeriph_Driver\src\stm32f10x_gpio.c

   * Component: Keil::Device:StdPeriph Drivers:RCC:3.5.0
      Include file:  Device\StdPeriph_Driver\inc\stm32f10x_rcc.h
      Source file:   Device\StdPeriph_Driver\src\stm32f10x_rcc.c

   * Component: Keil::Device:StdPeriph Drivers:RTC:3.5.0
      Include file:  Device\StdPeriph_Driver\inc\stm32f10x_rtc.h
      Source file:   Device\StdPeriph_Driver\src\stm32f10x_rtc.c

   * Component: Keil::Device:StdPeriph Drivers:SPI:3.5.0
      Include file:  Device\StdPeriph_Driver\inc\stm32f10x_spi.h
      Source file:   Device\StdPeriph_Driver\src\stm32f10x_spi.c

   * Component: Keil::Device:StdPeriph Drivers:TIM:3.5.0
      Include file:  Device\StdPeriph_Driver\inc\stm32f10x_tim.h
      Source file:   Device\StdPeriph_Driver\src\stm32f10x_tim.c

   * Component: Keil::Device:StdPeriph Drivers:USART:3.5.0
      Include file:  Device\StdPeriph_Driver\inc\stm32f10x_usart.h
      Source file:   Device\StdPeriph_Driver\src\stm32f10x_usart.c

   * Component: Keil::Device:GPIO:1.2
      Include file:  RTE_Driver\GPIO_STM32F10x.h
      Source file:   RTE_Driver\GPIO_STM32F10x.c

   * Component: Keil::Device:DMA:1.2
      Include file:  RTE_Driver\DMA_STM32F10x.h
      Source file:   RTE_Driver\DMA_STM32F10x.c

   * Component: Keil.MCBSTM32E::Board Support:A/D Converter:2.0.0
      Source file:   Boards\Keil\MCBSTM32E\Common\ADC_MCBSTM32E.c

   * Component: Keil.MCBSTM32E::Board Support:Buttons:2.0.0
      Source file:   Boards\Keil\MCBSTM32E\Common\Buttons_MCBSTM32E.c
Build Time Elapsed:  00:00:13
</pre>
</body>
</html>
