<html>
<body>
<pre>
<h1>µVision Build Log</h1>
<h2>Tool Versions:</h2>
IDE-Version: ¦ÌVision V5.17.0.0
Copyright (C) 2015 ARM Ltd and ARM Germany GmbH. All rights reserved.
License Information: dsfadf Microsoft, Microsoft, LIC=IK19U-SFCXF-MLTCI-TBPBL-FP81D-H7ZK0
 
Tool Versions:
Toolchain:       MDK-ARM Standard  Version: 5.17
Toolchain Path:  C:\Keil_v5\ARM\ARMCC\Bin
C Compiler:      Armcc.exe V5.06 update 1 (build 61)
Assembler:       Armasm.exe V5.06 update 1 (build 61)
Linker/Locator:  ArmLink.exe V5.06 update 1 (build 61)
Library Manager: ArmAr.exe V5.06 update 1 (build 61)
Hex Converter:   FromElf.exe V5.06 update 1 (build 61)
CPU DLL:         SARMCM3.DLL V5.17
Dialog DLL:      DARMSTM.DLL V1.65.0.0
Target DLL:      STLink\ST-LINKIII-KEIL_SWO.dll V2.0.18.0
Dialog DLL:      TARMSTM.DLL V1.64.0.0
 
<h2>Project:</h2>
E:\STM32\stm32code\PWM_TIMER3--test\jiuvgh.uvprojx
Project File Date:  01/05/2017

<h2>Output:</h2>
*** Using Compiler 'V5.06 update 1 (build 61)', folder: 'C:\Keil_v5\ARM\ARMCC\Bin'
Rebuild target 'Target 1'
compiling dalay.c...
dalay.c(13): warning:  #1-D: last line of file ends without a newline
  }
dalay.c: 1 warning, 0 errors
compiling rcc.c...
rcc.c(13): warning:  #1-D: last line of file ends without a newline
  }
rcc.c: 1 warning, 0 errors
compiling main.c...
rcc.h(7): warning:  #1-D: last line of file ends without a newline
  #endif 
adc.h(7): warning:  #1295-D: Deprecated declaration ADC_GPIO_config - give arg types
  void ADC_GPIO_config();
adc.h(8): warning:  #1295-D: Deprecated declaration ADC_config - give arg types
  void ADC_config();
adc.h(12): warning:  #1-D: last line of file ends without a newline
  #endif 
usart.h(11): warning:  #1295-D: Deprecated declaration USART1_NVIC_Init - give arg types
  void USART1_NVIC_Init();
usart.h(12): warning:  #1295-D: Deprecated declaration printintputdata - give arg types
  void printintputdata();
pwm.h(8): warning:  #1-D: last line of file ends without a newline
  #endif
crc.h(5): warning:  #1295-D: Deprecated declaration CRC_Init - give arg types
  void CRC_Init();
crc.h(11): warning:  #1-D: last line of file ends without a newline
  #endif
main.c(10): warning:  #550-D: variable "p" was set but never used
  	u16 crc,p;
main.c: 10 warnings, 0 errors
compiling usart.c...
usart.h(11): warning:  #1295-D: Deprecated declaration USART1_NVIC_Init - give arg types
  void USART1_NVIC_Init();
usart.h(12): warning:  #1295-D: Deprecated declaration printintputdata - give arg types
  void printintputdata();
usart.c: 2 warnings, 0 errors
compiling crc.c...
compiling pwm.c...
pwm.c(45): warning:  #1-D: last line of file ends without a newline
  }
pwm.c: 1 warning, 0 errors
compiling misc.c...
compiling Buttons_MCBSTM32E.c...
compiling ADC_MCBSTM32E.c...
compiling stm32f10x_adc.c...
compiling stm32f10x_dma.c...
compiling stm32f10x_flash.c...
compiling stm32f10x_gpio.c...
compiling stm32f10x_rcc.c...
compiling stm32f10x_tim.c...
compiling stm32f10x_usart.c...
compiling DMA_STM32F10x.c...
assembling startup_stm32f10x_md.s...
compiling GPIO_STM32F10x.c...
compiling system_stm32f10x.c...
linking...
Program Size: Code=3008 RO-data=268 RW-data=12 ZI-data=1124  
".\Objects\jiuvgh.axf" - 0 Error(s), 15 Warning(s).

<h2>Software Packages used:</h2>

Package Vendor: ARM
                http://www.keil.com/pack/ARM.CMSIS.4.5.0.pack
                ARM::CMSIS:CORE:4.3.0
                CMSIS (Cortex Microcontroller Software Interface Standard)
   * Component: CORE Version: 4.3.0

Package Vendor: Keil
                http://www.keil.com/pack/Keil.MDK-Middleware.6.5.0.pack
                ::Board Support:Buttons:1.00 (API)
                Keil MDK-ARM Professional Middleware for ARM Cortex-M based devices
   * Component: Buttons Version: 1.00
   * Component: A/D Converter Version: 1.00

Package Vendor: Keil
                http://www.keil.com/pack/Keil.STM32F1xx_DFP.2.1.0.pack
                Keil::Device:Startup:1.0.0
                STMicroelectronics STM32F1 Series Device Support, Drivers and Examples
   * Component: Startup Version: 1.0.0
   * Component: Framework Version: 3.5.1
   * Component: ADC Version: 3.5.0
   * Component: DMA Version: 3.5.0
   * Component: Flash Version: 3.5.0
   * Component: GPIO Version: 3.5.0
   * Component: RCC Version: 3.5.0
   * Component: TIM Version: 3.5.0
   * Component: USART Version: 3.5.0
   * Component: GPIO Version: 1.2
   * Component: DMA Version: 1.2
   * Component: A/D Converter Version: 2.0.0
   * Component: Buttons Version: 2.0.0

<h2>Collection of Component include folders:</h2>
  E:\STM32\stm32code\PWM_TIMER3--test\RTE
  E:\STM32\stm32code\PWM_TIMER3--test\RTE\Device\STM32F103C8
  C:\Keil_v5\ARM\PACK\ARM\CMSIS\4.5.0\CMSIS\Include
  C:\Keil_v5\ARM\PACK\Keil\MDK-Middleware\6.5.0\Board
  C:\Keil_v5\ARM\PACK\Keil\STM32F1xx_DFP\2.1.0\Device\Include
  C:\Keil_v5\ARM\PACK\Keil\STM32F1xx_DFP\2.1.0\Device\StdPeriph_Driver\inc
  C:\Keil_v5\ARM\PACK\Keil\STM32F1xx_DFP\2.1.0\RTE_Driver

<h2>Collection of Component Files used:</h2>

   * Component: ARM::CMSIS:CORE:4.3.0

   * Component: ::Board Support:Buttons:1.00 (API)
      Include file:  Board\Board_Buttons.h

   * Component: ::Board Support:A/D Converter:1.00 (API)
      Include file:  Board\Board_ADC.h

   * Component: Keil::Device:Startup:1.0.0
      Source file:   Device\Source\ARM\STM32F1xx_OPT.s
      Source file:   Device\Source\ARM\startup_stm32f10x_md.s
      Source file:   Device\Source\system_stm32f10x.c
      Include file:  RTE_Driver\Config\RTE_Device.h

   * Component: Keil::Device:StdPeriph Drivers:Framework:3.5.1
      Include file:  Device\StdPeriph_Driver\inc\misc.h
      Source file:   Device\StdPeriph_Driver\src\misc.c
      Source file:   Device\StdPeriph_Driver\templates\stm32f10x_conf.h
      Include file:  Device\StdPeriph_Driver\templates\stm32f10x_it.h
      Source file:   Device\StdPeriph_Driver\templates\stm32f10x_it.c

   * Component: Keil::Device:StdPeriph Drivers:ADC:3.5.0
      Include file:  Device\StdPeriph_Driver\inc\stm32f10x_adc.h
      Source file:   Device\StdPeriph_Driver\src\stm32f10x_adc.c

   * Component: Keil::Device:StdPeriph Drivers:DMA:3.5.0
      Include file:  Device\StdPeriph_Driver\inc\stm32f10x_dma.h
      Source file:   Device\StdPeriph_Driver\src\stm32f10x_dma.c

   * Component: Keil::Device:StdPeriph Drivers:Flash:3.5.0
      Include file:  Device\StdPeriph_Driver\inc\stm32f10x_flash.h
      Source file:   Device\StdPeriph_Driver\src\stm32f10x_flash.c

   * Component: Keil::Device:StdPeriph Drivers:GPIO:3.5.0
      Include file:  Device\StdPeriph_Driver\inc\stm32f10x_gpio.h
      Source file:   Device\StdPeriph_Driver\src\stm32f10x_gpio.c

   * Component: Keil::Device:StdPeriph Drivers:RCC:3.5.0
      Include file:  Device\StdPeriph_Driver\inc\stm32f10x_rcc.h
      Source file:   Device\StdPeriph_Driver\src\stm32f10x_rcc.c

   * Component: Keil::Device:StdPeriph Drivers:TIM:3.5.0
      Include file:  Device\StdPeriph_Driver\inc\stm32f10x_tim.h
      Source file:   Device\StdPeriph_Driver\src\stm32f10x_tim.c

   * Component: Keil::Device:StdPeriph Drivers:USART:3.5.0
      Include file:  Device\StdPeriph_Driver\inc\stm32f10x_usart.h
      Source file:   Device\StdPeriph_Driver\src\stm32f10x_usart.c

   * Component: Keil::Device:GPIO:1.2
      Include file:  RTE_Driver\GPIO_STM32F10x.h
      Source file:   RTE_Driver\GPIO_STM32F10x.c

   * Component: Keil::Device:DMA:1.2
      Include file:  RTE_Driver\DMA_STM32F10x.h
      Source file:   RTE_Driver\DMA_STM32F10x.c

   * Component: Keil.MCBSTM32E::Board Support:A/D Converter:2.0.0
      Source file:   Boards\Keil\MCBSTM32E\Common\ADC_MCBSTM32E.c

   * Component: Keil.MCBSTM32E::Board Support:Buttons:2.0.0
      Source file:   Boards\Keil\MCBSTM32E\Common\Buttons_MCBSTM32E.c
Build Time Elapsed:  00:00:09
</pre>
</body>
</html>
