Component: ARM Compiler 5.06 update 1 (build 61) Tool: armlink [4d35a8]

==============================================================================

Section Cross References

    main.o(i.main) refers to rcc.o(i.Init_SyStemClock_inside) for Init_SyStemClock_inside
    main.o(i.main) refers to usart.o(i.uart_init) for uart_init
    main.o(i.main) refers to usart.o(i.USART1_NVIC_Init) for USART1_NVIC_Init
    main.o(i.main) refers to rtc.o(i.Bkp_Init) for Bkp_Init
    main.o(i.main) refers to adc.o(i.ADC_GPIO_config) for ADC_GPIO_config
    main.o(i.main) refers to adc.o(i.ADC_config) for ADC_config
    main.o(i.main) refers to pwm.o(i.Init_Gpio) for Init_Gpio
    main.o(i.main) refers to pwm.o(i.PWM_TIM1_Init) for PWM_TIM1_Init
    main.o(i.main) refers to pwm.o(i.LedToggle) for LedToggle
    main.o(i.main) refers to pwm.o(i.TIM3_Int_Init) for TIM3_Int_Init
    main.o(i.main) refers to pwm.o(i.TIMER3_UP__NVIC_Init) for TIMER3_UP__NVIC_Init
    main.o(i.main) refers to flash.o(i.FlashunInit) for FlashunInit
    main.o(i.main) refers to rtc.o(i.Rtc_Init2) for Rtc_Init2
    main.o(i.main) refers to exti.o(i.KEY_Init) for KEY_Init
    main.o(i.main) refers to rs485.o(i.RS485_Init) for RS485_Init
    main.o(i.main) refers to rs485.o(i.USART2_NVIC_INIT) for USART2_NVIC_INIT
    main.o(i.main) refers to dog.o(i.IWDG_Init) for IWDG_Init
    main.o(i.main) refers to dog.o(i.IWDG_Feed) for IWDG_Feed
    main.o(i.main) refers to usart_data_analyze.o(i.Register_shortaddr) for Register_shortaddr
    main.o(i.main) refers to usart_data_analyze.o(i.Operate_LED) for Operate_LED
    main.o(i.main) refers to usart_data_analyze.o(i.Total_worktime) for Total_worktime
    main.o(i.main) refers to usart_data_analyze.o(i.Upload_HeartbeatData) for Upload_HeartbeatData
    main.o(i.main) refers to usart_data_analyze.o(i.Handle_ReceiveData) for Handle_ReceiveData
    main.o(i.main) refers to usart_data_analyze.o(.data) for pwm
    usart.o(i.USART1_IRQHandler) refers to pwm.o(.data) for TIMER3_flag
    usart.o(i.USART1_IRQHandler) refers to usart.o(.data) for getdata
    usart.o(i.USART1_IRQHandler) refers to usart.o(.bss) for buf
    usart.o(i.uart_init) refers to ffltui.o(.text) for __aeabi_ui2f
    usart.o(i.uart_init) refers to fdiv.o(.text) for __aeabi_fdiv
    usart.o(i.uart_init) refers to ffixui.o(.text) for __aeabi_f2uiz
    usart.o(i.uart_init) refers to fadd.o(.text) for __aeabi_frsub
    usart.o(i.uart_init) refers to fmul.o(.text) for __aeabi_fmul
    pwm.o(i.TIM3_IRQHandler) refers to pwm.o(.data) for USART_falg
    pwm.o(i.TIM3_IRQHandler) refers to usart.o(.data) for T
    pwm.o(i.pwmval) refers to pwm.o(.data) for pwm00
    adc.o(i.Analyze_Adc_I_Data) refers to ffltui.o(.text) for __aeabi_ui2f
    adc.o(i.Analyze_Adc_I_Data) refers to fdiv.o(.text) for __aeabi_fdiv
    adc.o(i.Analyze_Adc_I_Data) refers to adc.o(i.Get_Adc_Average) for Get_Adc_Average
    adc.o(i.Analyze_Adc_I_Data) refers to f2d.o(.text) for __aeabi_f2d
    adc.o(i.Analyze_Adc_I_Data) refers to dmul.o(.text) for __aeabi_dmul
    adc.o(i.Analyze_Adc_I_Data) refers to d2f.o(.text) for __aeabi_d2f
    adc.o(i.Analyze_Adc_I_Data) refers to cfrcmple.o(.text) for __aeabi_cfrcmple
    adc.o(i.Analyze_Adc_I_Data) refers to cfcmple.o(.text) for __aeabi_cfcmple
    adc.o(i.Analyze_Adc_I_Data) refers to fadd.o(.text) for __aeabi_fsub
    adc.o(i.Analyze_Adc_I_Data) refers to fmul.o(.text) for __aeabi_fmul
    adc.o(i.Analyze_Adc_I_Data) refers to adc.o(.data) for byte0
    adc.o(i.Analyze_Adc_I_Data) refers to adc.o(.bss) for temp
    adc.o(i.Analyze_Adc_U_Data) refers to ffltui.o(.text) for __aeabi_ui2f
    adc.o(i.Analyze_Adc_U_Data) refers to fdiv.o(.text) for __aeabi_fdiv
    adc.o(i.Analyze_Adc_U_Data) refers to adc.o(i.Get_Adc_Average) for Get_Adc_Average
    adc.o(i.Analyze_Adc_U_Data) refers to f2d.o(.text) for __aeabi_f2d
    adc.o(i.Analyze_Adc_U_Data) refers to dmul.o(.text) for __aeabi_dmul
    adc.o(i.Analyze_Adc_U_Data) refers to d2f.o(.text) for __aeabi_d2f
    adc.o(i.Analyze_Adc_U_Data) refers to cfrcmple.o(.text) for __aeabi_cfrcmple
    adc.o(i.Analyze_Adc_U_Data) refers to cfcmple.o(.text) for __aeabi_cfcmple
    adc.o(i.Analyze_Adc_U_Data) refers to fadd.o(.text) for __aeabi_fsub
    adc.o(i.Analyze_Adc_U_Data) refers to fmul.o(.text) for __aeabi_fmul
    adc.o(i.Analyze_Adc_U_Data) refers to adc.o(.data) for byte1
    adc.o(i.Analyze_Adc_U_Data) refers to adc.o(.bss) for temp
    adc.o(i.Get_Adc_Average) refers to adc.o(i.Get_Adc) for Get_Adc
    flash.o(i.DelPage) refers to stm32f10x_flash.o(i.FLASH_WaitForLastOperation) for FLASH_WaitForLastOperation
    flash.o(i.DelPage) refers to flash.o(.data) for status
    flash.o(i.STMFLASH_ErasePage) refers to flash.o(i.FlashunInit) for FlashunInit
    flash.o(i.STMFLASH_ErasePage) refers to flash.o(i.STMFLASH_WaitDone) for STMFLASH_WaitDone
    flash.o(i.STMFLASH_ErasePage) refers to flash.o(i.STMFLASH_Lock) for STMFLASH_Lock
[...]
    Removing crc.o(.rev16_text), (4 bytes).
    Removing crc.o(.revsh_text), (4 bytes).
    Removing crc.o(.rrx_text), (6 bytes).
    Removing crc.o(i.CRC_CalculateBlockCRC), (40 bytes).
    Removing crc.o(i.CRC_CalculateCRC), (20 bytes).
    Removing crc.o(i.CRC_Init), (28 bytes).
    Removing crc.o(i.Get_Crc8), (56 bytes).
    Removing delay.o(.rev16_text), (4 bytes).
    Removing delay.o(.revsh_text), (4 bytes).
    Removing delay.o(.rrx_text), (6 bytes).
    Removing adc_mcbstm32e.o(.rev16_text), (4 bytes).
    Removing adc_mcbstm32e.o(.revsh_text), (4 bytes).
    Removing adc_mcbstm32e.o(.rrx_text), (6 bytes).
    Removing adc_mcbstm32e.o(i.ADC_ConversionDone), (20 bytes).
    Removing adc_mcbstm32e.o(i.ADC_GetResolution), (4 bytes).
    Removing adc_mcbstm32e.o(i.ADC_GetValue), (28 bytes).
    Removing adc_mcbstm32e.o(i.ADC_Initialize), (200 bytes).
    Removing adc_mcbstm32e.o(i.ADC_StartConversion), (32 bytes).
    Removing adc_mcbstm32e.o(i.ADC_Uninitialize), (4 bytes).
    Removing buttons_mcbstm32e.o(.rev16_text), (4 bytes).
    Removing buttons_mcbstm32e.o(.revsh_text), (4 bytes).
    Removing buttons_mcbstm32e.o(.rrx_text), (6 bytes).
    Removing buttons_mcbstm32e.o(i.Buttons_GetCount), (4 bytes).
    Removing buttons_mcbstm32e.o(i.Buttons_GetState), (72 bytes).
    Removing buttons_mcbstm32e.o(i.Buttons_Initialize), (80 bytes).
    Removing buttons_mcbstm32e.o(i.Buttons_Uninitialize), (4 bytes).
    Removing misc.o(.rev16_text), (4 bytes).
    Removing misc.o(.revsh_text), (4 bytes).
    Removing misc.o(.rrx_text), (6 bytes).
    Removing misc.o(i.NVIC_Init), (112 bytes).
    Removing misc.o(i.NVIC_PriorityGroupConfig), (20 bytes).
    Removing misc.o(i.NVIC_SetVectorTable), (20 bytes).
    Removing misc.o(i.NVIC_SystemLPConfig), (32 bytes).
    Removing misc.o(i.SysTick_CLKSourceConfig), (40 bytes).
    Removing stm32f10x_adc.o(.rev16_text), (4 bytes).
    Removing stm32f10x_adc.o(.revsh_text), (4 bytes).
    Removing stm32f10x_adc.o(.rrx_text), (6 bytes).
    Removing stm32f10x_adc.o(i.ADC_AnalogWatchdogCmd), (20 bytes).
    Removing stm32f10x_adc.o(i.ADC_AnalogWatchdogSingleChannelConfig), (16 bytes).
    Removing stm32f10x_adc.o(i.ADC_AnalogWatchdogThresholdsConfig), (6 bytes).
    Removing stm32f10x_adc.o(i.ADC_AutoInjectedConvCmd), (22 bytes).
    Removing stm32f10x_adc.o(i.ADC_ClearFlag), (6 bytes).
    Removing stm32f10x_adc.o(i.ADC_ClearITPendingBit), (10 bytes).
    Removing stm32f10x_adc.o(i.ADC_Cmd), (22 bytes).
    Removing stm32f10x_adc.o(i.ADC_DMACmd), (22 bytes).
    Removing stm32f10x_adc.o(i.ADC_DeInit), (92 bytes).
    Removing stm32f10x_adc.o(i.ADC_DiscModeChannelCountConfig), (24 bytes).
    Removing stm32f10x_adc.o(i.ADC_DiscModeCmd), (22 bytes).
    Removing stm32f10x_adc.o(i.ADC_ExternalTrigConvCmd), (22 bytes).
    Removing stm32f10x_adc.o(i.ADC_ExternalTrigInjectedConvCmd), (22 bytes).
    Removing stm32f10x_adc.o(i.ADC_ExternalTrigInjectedConvConfig), (16 bytes).
    Removing stm32f10x_adc.o(i.ADC_GetCalibrationStatus), (20 bytes).
    Removing stm32f10x_adc.o(i.ADC_GetConversionValue), (8 bytes).
    Removing stm32f10x_adc.o(i.ADC_GetDualModeConversionValue), (12 bytes).
    Removing stm32f10x_adc.o(i.ADC_GetFlagStatus), (18 bytes).
    Removing stm32f10x_adc.o(i.ADC_GetITStatus), (36 bytes).
    Removing stm32f10x_adc.o(i.ADC_GetInjectedConversionValue), (28 bytes).
    Removing stm32f10x_adc.o(i.ADC_GetResetCalibrationStatus), (20 bytes).
    Removing stm32f10x_adc.o(i.ADC_GetSoftwareStartConvStatus), (20 bytes).
    Removing stm32f10x_adc.o(i.ADC_GetSoftwareStartInjectedConvCmdStatus), (20 bytes).
    Removing stm32f10x_adc.o(i.ADC_ITConfig), (24 bytes).
    Removing stm32f10x_adc.o(i.ADC_Init), (80 bytes).
    Removing stm32f10x_adc.o(i.ADC_InjectedChannelConfig), (130 bytes).
    Removing stm32f10x_adc.o(i.ADC_InjectedDiscModeCmd), (22 bytes).
    Removing stm32f10x_adc.o(i.ADC_InjectedSequencerLengthConfig), (24 bytes).
    Removing stm32f10x_adc.o(i.ADC_RegularChannelConfig), (184 bytes).
    Removing stm32f10x_adc.o(i.ADC_ResetCalibration), (10 bytes).
    Removing stm32f10x_adc.o(i.ADC_SetInjectedOffset), (20 bytes).
    Removing stm32f10x_adc.o(i.ADC_SoftwareStartConvCmd), (22 bytes).
    Removing stm32f10x_adc.o(i.ADC_SoftwareStartInjectedConvCmd), (22 bytes).
    Removing stm32f10x_adc.o(i.ADC_StartCalibration), (10 bytes).
    Removing stm32f10x_adc.o(i.ADC_StructInit), (18 bytes).
    Removing stm32f10x_adc.o(i.ADC_TempSensorVrefintCmd), (36 bytes).
    Removing stm32f10x_dma.o(.rev16_text), (4 bytes).
    Removing stm32f10x_dma.o(.revsh_text), (4 bytes).
    Removing stm32f10x_dma.o(.rrx_text), (6 bytes).
    Removing stm32f10x_dma.o(i.DMA_ClearFlag), (28 bytes).
    Removing stm32f10x_dma.o(i.DMA_ClearITPendingBit), (28 bytes).
    Removing stm32f10x_dma.o(i.DMA_Cmd), (24 bytes).
    Removing stm32f10x_dma.o(i.DMA_DeInit), (332 bytes).
    Removing stm32f10x_dma.o(i.DMA_GetCurrDataCounter), (8 bytes).
    Removing stm32f10x_dma.o(i.DMA_GetFlagStatus), (44 bytes).
    Removing stm32f10x_dma.o(i.DMA_GetITStatus), (44 bytes).
    Removing stm32f10x_dma.o(i.DMA_ITConfig), (18 bytes).
    Removing stm32f10x_dma.o(i.DMA_Init), (60 bytes).
    Removing stm32f10x_dma.o(i.DMA_SetCurrDataCounter), (4 bytes).
    Removing stm32f10x_dma.o(i.DMA_StructInit), (26 bytes).
    Removing stm32f10x_flash.o(.rev16_text), (4 bytes).
    Removing stm32f10x_flash.o(.revsh_text), (4 bytes).
    Removing stm32f10x_flash.o(.rrx_text), (6 bytes).
    Removing stm32f10x_flash.o(i.FLASH_ClearFlag), (12 bytes).
    Removing stm32f10x_flash.o(i.FLASH_EnableWriteProtection), (196 bytes).
    Removing stm32f10x_flash.o(i.FLASH_EraseAllBank1Pages), (72 bytes).
    Removing stm32f10x_flash.o(i.FLASH_EraseAllPages), (72 bytes).
    Removing stm32f10x_flash.o(i.FLASH_EraseOptionBytes), (168 bytes).
    Removing stm32f10x_flash.o(i.FLASH_ErasePage), (76 bytes).
    Removing stm32f10x_flash.o(i.FLASH_GetFlagStatus), (48 bytes).
    Removing stm32f10x_flash.o(i.FLASH_GetPrefetchBufferStatus), (24 bytes).
    Removing stm32f10x_flash.o(i.FLASH_GetReadOutProtectionStatus), (24 bytes).
    Removing stm32f10x_flash.o(i.FLASH_GetStatus), (52 bytes).
    Removing stm32f10x_flash.o(i.FLASH_GetUserOptionByte), (12 bytes).
    Removing stm32f10x_flash.o(i.FLASH_GetWriteProtectionOptionByte), (12 bytes).
    Removing stm32f10x_flash.o(i.FLASH_HalfCycleAccessCmd), (28 bytes).
    Removing stm32f10x_flash.o(i.FLASH_ITConfig), (32 bytes).
    Removing stm32f10x_flash.o(i.FLASH_Lock), (20 bytes).
    Removing stm32f10x_flash.o(i.FLASH_LockBank1), (20 bytes).
    Removing stm32f10x_flash.o(i.FLASH_PrefetchBufferCmd), (28 bytes).
    Removing stm32f10x_flash.o(i.FLASH_ProgramHalfWord), (64 bytes).
    Removing stm32f10x_flash.o(i.FLASH_ProgramOptionByteData), (84 bytes).
    Removing stm32f10x_flash.o(i.FLASH_ProgramWord), (108 bytes).
    Removing stm32f10x_flash.o(i.FLASH_ReadOutProtection), (172 bytes).
    Removing stm32f10x_flash.o(i.FLASH_SetLatency), (24 bytes).
    Removing stm32f10x_flash.o(i.FLASH_Unlock), (24 bytes).
    Removing stm32f10x_flash.o(i.FLASH_UnlockBank1), (24 bytes).
    Removing stm32f10x_flash.o(i.FLASH_UserOptionByteConfig), (104 bytes).
    Removing stm32f10x_flash.o(i.FLASH_WaitForLastBank1Operation), (38 bytes).
    Removing stm32f10x_gpio.o(.rev16_text), (4 bytes).
    Removing stm32f10x_gpio.o(.revsh_text), (4 bytes).
    Removing stm32f10x_gpio.o(.rrx_text), (6 bytes).
    Removing stm32f10x_gpio.o(i.GPIO_AFIODeInit), (20 bytes).
    Removing stm32f10x_gpio.o(i.GPIO_DeInit), (200 bytes).
    Removing stm32f10x_gpio.o(i.GPIO_ETH_MediaInterfaceConfig), (12 bytes).
    Removing stm32f10x_gpio.o(i.GPIO_EXTILineConfig), (64 bytes).
    Removing stm32f10x_gpio.o(i.GPIO_EventOutputCmd), (12 bytes).
    Removing stm32f10x_gpio.o(i.GPIO_EventOutputConfig), (32 bytes).
    Removing stm32f10x_gpio.o(i.GPIO_Init), (278 bytes).
    Removing stm32f10x_gpio.o(i.GPIO_PinLockConfig), (18 bytes).
    Removing stm32f10x_gpio.o(i.GPIO_PinRemapConfig), (144 bytes).
    Removing stm32f10x_gpio.o(i.GPIO_ReadInputData), (8 bytes).
    Removing stm32f10x_gpio.o(i.GPIO_ReadInputDataBit), (18 bytes).
    Removing stm32f10x_gpio.o(i.GPIO_ReadOutputData), (8 bytes).
    Removing stm32f10x_gpio.o(i.GPIO_ReadOutputDataBit), (18 bytes).
    Removing stm32f10x_gpio.o(i.GPIO_ResetBits), (4 bytes).
    Removing stm32f10x_gpio.o(i.GPIO_SetBits), (4 bytes).
    Removing stm32f10x_gpio.o(i.GPIO_StructInit), (16 bytes).
    Removing stm32f10x_gpio.o(i.GPIO_Write), (4 bytes).
    Removing stm32f10x_gpio.o(i.GPIO_WriteBit), (10 bytes).
    Removing stm32f10x_rcc.o(.rev16_text), (4 bytes).
    Removing stm32f10x_rcc.o(.revsh_text), (4 bytes).
    Removing stm32f10x_rcc.o(.rrx_text), (6 bytes).
    Removing stm32f10x_rcc.o(i.RCC_ADCCLKConfig), (24 bytes).
    Removing stm32f10x_rcc.o(i.RCC_AHBPeriphClockCmd), (32 bytes).
    Removing stm32f10x_rcc.o(i.RCC_APB1PeriphClockCmd), (32 bytes).
    Removing stm32f10x_rcc.o(i.RCC_APB1PeriphResetCmd), (32 bytes).
    Removing stm32f10x_rcc.o(i.RCC_APB2PeriphClockCmd), (32 bytes).
    Removing stm32f10x_rcc.o(i.RCC_APB2PeriphResetCmd), (32 bytes).
    Removing stm32f10x_rcc.o(i.RCC_AdjustHSICalibrationValue), (24 bytes).
    Removing stm32f10x_rcc.o(i.RCC_BackupResetCmd), (12 bytes).
    Removing stm32f10x_rcc.o(i.RCC_ClearFlag), (20 bytes).
    Removing stm32f10x_rcc.o(i.RCC_ClearITPendingBit), (12 bytes).
    Removing stm32f10x_rcc.o(i.RCC_ClockSecuritySystemCmd), (12 bytes).
    Removing stm32f10x_rcc.o(i.RCC_DeInit), (76 bytes).
    Removing stm32f10x_rcc.o(i.RCC_GetClocksFreq), (212 bytes).
    Removing stm32f10x_rcc.o(i.RCC_GetFlagStatus), (60 bytes).
    Removing stm32f10x_rcc.o(i.RCC_GetITStatus), (24 bytes).
    Removing stm32f10x_rcc.o(i.RCC_GetSYSCLKSource), (16 bytes).
    Removing stm32f10x_rcc.o(i.RCC_HCLKConfig), (24 bytes).
    Removing stm32f10x_rcc.o(i.RCC_HSEConfig), (76 bytes).
    Removing stm32f10x_rcc.o(i.RCC_HSICmd), (12 bytes).
    Removing stm32f10x_rcc.o(i.RCC_ITConfig), (32 bytes).
    Removing stm32f10x_rcc.o(i.RCC_LSEConfig), (52 bytes).
    Removing stm32f10x_rcc.o(i.RCC_LSICmd), (12 bytes).
    Removing stm32f10x_rcc.o(i.RCC_MCOConfig), (12 bytes).
    Removing stm32f10x_rcc.o(i.RCC_PCLK1Config), (24 bytes).
    Removing stm32f10x_rcc.o(i.RCC_PCLK2Config), (24 bytes).
    Removing stm32f10x_rcc.o(i.RCC_PLLCmd), (12 bytes).
    Removing stm32f10x_rcc.o(i.RCC_PLLConfig), (28 bytes).
    Removing stm32f10x_rcc.o(i.RCC_RTCCLKCmd), (12 bytes).
    Removing stm32f10x_rcc.o(i.RCC_RTCCLKConfig), (16 bytes).
    Removing stm32f10x_rcc.o(i.RCC_SYSCLKConfig), (24 bytes).
    Removing stm32f10x_rcc.o(i.RCC_USBCLKConfig), (12 bytes).
    Removing stm32f10x_rcc.o(i.RCC_WaitForHSEStartUp), (56 bytes).
    Removing stm32f10x_rcc.o(.data), (20 bytes).
    Removing stm32f10x_rtc.o(.rev16_text), (4 bytes).
    Removing stm32f10x_rtc.o(.revsh_text), (4 bytes).
    Removing stm32f10x_rtc.o(.rrx_text), (6 bytes).
    Removing stm32f10x_rtc.o(i.RTC_ClearFlag), (16 bytes).
    Removing stm32f10x_rtc.o(i.RTC_ClearITPendingBit), (16 bytes).
    Removing stm32f10x_rtc.o(i.RTC_EnterConfigMode), (20 bytes).
    Removing stm32f10x_rtc.o(i.RTC_ExitConfigMode), (20 bytes).
    Removing stm32f10x_rtc.o(i.RTC_GetCounter), (20 bytes).
    Removing stm32f10x_rtc.o(i.RTC_GetDivider), (24 bytes).
    Removing stm32f10x_rtc.o(i.RTC_GetFlagStatus), (24 bytes).
    Removing stm32f10x_rtc.o(i.RTC_GetITStatus), (36 bytes).
    Removing stm32f10x_rtc.o(i.RTC_ITConfig), (32 bytes).
    Removing stm32f10x_rtc.o(i.RTC_SetAlarm), (28 bytes).
    Removing stm32f10x_rtc.o(i.RTC_SetCounter), (28 bytes).
    Removing stm32f10x_rtc.o(i.RTC_SetPrescaler), (32 bytes).
    Removing stm32f10x_rtc.o(i.RTC_WaitForLastTask), (20 bytes).
    Removing stm32f10x_rtc.o(i.RTC_WaitForSynchro), (36 bytes).
    Removing stm32f10x_spi.o(.rev16_text), (4 bytes).
    Removing stm32f10x_spi.o(.revsh_text), (4 bytes).
    Removing stm32f10x_spi.o(.rrx_text), (6 bytes).
    Removing stm32f10x_spi.o(i.I2S_Cmd), (24 bytes).
    Removing stm32f10x_spi.o(i.I2S_Init), (232 bytes).
    Removing stm32f10x_spi.o(i.I2S_StructInit), (20 bytes).
    Removing stm32f10x_spi.o(i.SPI_BiDirectionalLineConfig), (28 bytes).
    Removing stm32f10x_spi.o(i.SPI_CalculateCRC), (24 bytes).
    Removing stm32f10x_spi.o(i.SPI_Cmd), (24 bytes).
    Removing stm32f10x_spi.o(i.SPI_DataSizeConfig), (18 bytes).
    Removing stm32f10x_spi.o(i.SPI_GetCRC), (16 bytes).
    Removing stm32f10x_spi.o(i.SPI_GetCRCPolynomial), (6 bytes).
    Removing stm32f10x_spi.o(i.SPI_I2S_ClearFlag), (6 bytes).
    Removing stm32f10x_spi.o(i.SPI_I2S_ClearITPendingBit), (20 bytes).
    Removing stm32f10x_spi.o(i.SPI_I2S_DMACmd), (18 bytes).
    Removing stm32f10x_spi.o(i.SPI_I2S_DeInit), (88 bytes).
    Removing stm32f10x_spi.o(i.SPI_I2S_GetFlagStatus), (18 bytes).
    Removing stm32f10x_spi.o(i.SPI_I2S_GetITStatus), (52 bytes).
    Removing stm32f10x_spi.o(i.SPI_I2S_ITConfig), (32 bytes).
    Removing stm32f10x_spi.o(i.SPI_I2S_ReceiveData), (6 bytes).
    Removing stm32f10x_spi.o(i.SPI_I2S_SendData), (4 bytes).
    Removing stm32f10x_spi.o(i.SPI_Init), (60 bytes).
    Removing stm32f10x_spi.o(i.SPI_NSSInternalSoftwareConfig), (30 bytes).
    Removing stm32f10x_spi.o(i.SPI_SSOutputCmd), (24 bytes).
    Removing stm32f10x_spi.o(i.SPI_StructInit), (24 bytes).
    Removing stm32f10x_spi.o(i.SPI_TransmitCRC), (10 bytes).
    Removing stm32f10x_tim.o(.rev16_text), (4 bytes).
    Removing stm32f10x_tim.o(.revsh_text), (4 bytes).
    Removing stm32f10x_tim.o(.rrx_text), (6 bytes).
    Removing stm32f10x_tim.o(i.TI1_Config), (128 bytes).
    Removing stm32f10x_tim.o(i.TI2_Config), (152 bytes).
    Removing stm32f10x_tim.o(i.TI3_Config), (144 bytes).
    Removing stm32f10x_tim.o(i.TI4_Config), (152 bytes).
    Removing stm32f10x_tim.o(i.TIM_ARRPreloadConfig), (24 bytes).
    Removing stm32f10x_tim.o(i.TIM_BDTRConfig), (32 bytes).
    Removing stm32f10x_tim.o(i.TIM_BDTRStructInit), (18 bytes).
    Removing stm32f10x_tim.o(i.TIM_CCPreloadControl), (24 bytes).
    Removing stm32f10x_tim.o(i.TIM_CCxCmd), (30 bytes).
    Removing stm32f10x_tim.o(i.TIM_CCxNCmd), (30 bytes).
    Removing stm32f10x_tim.o(i.TIM_ClearFlag), (6 bytes).
    Removing stm32f10x_tim.o(i.TIM_ClearITPendingBit), (6 bytes).
    Removing stm32f10x_tim.o(i.TIM_ClearOC1Ref), (18 bytes).
    Removing stm32f10x_tim.o(i.TIM_ClearOC2Ref), (24 bytes).
    Removing stm32f10x_tim.o(i.TIM_ClearOC3Ref), (18 bytes).
    Removing stm32f10x_tim.o(i.TIM_ClearOC4Ref), (24 bytes).
    Removing stm32f10x_tim.o(i.TIM_Cmd), (24 bytes).
    Removing stm32f10x_tim.o(i.TIM_CounterModeConfig), (18 bytes).
    Removing stm32f10x_tim.o(i.TIM_CtrlPWMOutputs), (30 bytes).
    Removing stm32f10x_tim.o(i.TIM_DMACmd), (18 bytes).
    Removing stm32f10x_tim.o(i.TIM_DMAConfig), (10 bytes).
    Removing stm32f10x_tim.o(i.TIM_DeInit), (488 bytes).
    Removing stm32f10x_tim.o(i.TIM_ETRClockMode1Config), (54 bytes).
    Removing stm32f10x_tim.o(i.TIM_ETRClockMode2Config), (32 bytes).
    Removing stm32f10x_tim.o(i.TIM_ETRConfig), (28 bytes).
    Removing stm32f10x_tim.o(i.TIM_EncoderInterfaceConfig), (66 bytes).
    Removing stm32f10x_tim.o(i.TIM_ForcedOC1Config), (18 bytes).
    Removing stm32f10x_tim.o(i.TIM_ForcedOC2Config), (26 bytes).
    Removing stm32f10x_tim.o(i.TIM_ForcedOC3Config), (18 bytes).
    Removing stm32f10x_tim.o(i.TIM_ForcedOC4Config), (26 bytes).
    Removing stm32f10x_tim.o(i.TIM_GenerateEvent), (4 bytes).
    Removing stm32f10x_tim.o(i.TIM_GetCapture1), (6 bytes).
    Removing stm32f10x_tim.o(i.TIM_GetCapture2), (6 bytes).
    Removing stm32f10x_tim.o(i.TIM_GetCapture3), (6 bytes).
    Removing stm32f10x_tim.o(i.TIM_GetCapture4), (8 bytes).
    Removing stm32f10x_tim.o(i.TIM_GetCounter), (6 bytes).
    Removing stm32f10x_tim.o(i.TIM_GetFlagStatus), (18 bytes).
    Removing stm32f10x_tim.o(i.TIM_GetITStatus), (34 bytes).
    Removing stm32f10x_tim.o(i.TIM_GetPrescaler), (6 bytes).
    Removing stm32f10x_tim.o(i.TIM_ICInit), (172 bytes).
    Removing stm32f10x_tim.o(i.TIM_ICStructInit), (18 bytes).
    Removing stm32f10x_tim.o(i.TIM_ITConfig), (18 bytes).
    Removing stm32f10x_tim.o(i.TIM_ITRxExternalClockConfig), (24 bytes).
    Removing stm32f10x_tim.o(i.TIM_InternalClockConfig), (12 bytes).
    Removing stm32f10x_tim.o(i.TIM_OC1FastConfig), (18 bytes).
    Removing stm32f10x_tim.o(i.TIM_OC1Init), (152 bytes).
    Removing stm32f10x_tim.o(i.TIM_OC1NPolarityConfig), (18 bytes).
    Removing stm32f10x_tim.o(i.TIM_OC1PolarityConfig), (18 bytes).
    Removing stm32f10x_tim.o(i.TIM_OC1PreloadConfig), (18 bytes).
    Removing stm32f10x_tim.o(i.TIM_OC2FastConfig), (26 bytes).
    Removing stm32f10x_tim.o(i.TIM_OC2Init), (164 bytes).
    Removing stm32f10x_tim.o(i.TIM_OC2NPolarityConfig), (26 bytes).
    Removing stm32f10x_tim.o(i.TIM_OC2PolarityConfig), (26 bytes).
    Removing stm32f10x_tim.o(i.TIM_OC2PreloadConfig), (26 bytes).
    Removing stm32f10x_tim.o(i.TIM_OC3FastConfig), (18 bytes).
    Removing stm32f10x_tim.o(i.TIM_OC3Init), (160 bytes).
    Removing stm32f10x_tim.o(i.TIM_OC3NPolarityConfig), (26 bytes).
    Removing stm32f10x_tim.o(i.TIM_OC3PolarityConfig), (26 bytes).
    Removing stm32f10x_tim.o(i.TIM_OC3PreloadConfig), (18 bytes).
    Removing stm32f10x_tim.o(i.TIM_OC4FastConfig), (26 bytes).
    Removing stm32f10x_tim.o(i.TIM_OC4Init), (124 bytes).
    Removing stm32f10x_tim.o(i.TIM_OC4PolarityConfig), (26 bytes).
    Removing stm32f10x_tim.o(i.TIM_OC4PreloadConfig), (26 bytes).
    Removing stm32f10x_tim.o(i.TIM_OCStructInit), (20 bytes).
    Removing stm32f10x_tim.o(i.TIM_PWMIConfig), (124 bytes).
    Removing stm32f10x_tim.o(i.TIM_PrescalerConfig), (6 bytes).
    Removing stm32f10x_tim.o(i.TIM_SelectCCDMA), (24 bytes).
    Removing stm32f10x_tim.o(i.TIM_SelectCOM), (24 bytes).
    Removing stm32f10x_tim.o(i.TIM_SelectHallSensor), (24 bytes).
    Removing stm32f10x_tim.o(i.TIM_SelectInputTrigger), (18 bytes).
    Removing stm32f10x_tim.o(i.TIM_SelectMasterSlaveMode), (18 bytes).
    Removing stm32f10x_tim.o(i.TIM_SelectOCxM), (82 bytes).
    Removing stm32f10x_tim.o(i.TIM_SelectOnePulseMode), (18 bytes).
    Removing stm32f10x_tim.o(i.TIM_SelectOutputTrigger), (18 bytes).
    Removing stm32f10x_tim.o(i.TIM_SelectSlaveMode), (18 bytes).
    Removing stm32f10x_tim.o(i.TIM_SetAutoreload), (4 bytes).
    Removing stm32f10x_tim.o(i.TIM_SetClockDivision), (18 bytes).
    Removing stm32f10x_tim.o(i.TIM_SetCompare1), (4 bytes).
    Removing stm32f10x_tim.o(i.TIM_SetCompare2), (4 bytes).
    Removing stm32f10x_tim.o(i.TIM_SetCompare3), (4 bytes).
    Removing stm32f10x_tim.o(i.TIM_SetCompare4), (6 bytes).
    Removing stm32f10x_tim.o(i.TIM_SetCounter), (4 bytes).
    Removing stm32f10x_tim.o(i.TIM_SetIC1Prescaler), (18 bytes).
    Removing stm32f10x_tim.o(i.TIM_SetIC2Prescaler), (26 bytes).
    Removing stm32f10x_tim.o(i.TIM_SetIC3Prescaler), (18 bytes).
    Removing stm32f10x_tim.o(i.TIM_SetIC4Prescaler), (26 bytes).
    Removing stm32f10x_tim.o(i.TIM_TIxExternalClockConfig), (62 bytes).
    Removing stm32f10x_tim.o(i.TIM_TimeBaseInit), (164 bytes).
    Removing stm32f10x_tim.o(i.TIM_TimeBaseStructInit), (18 bytes).
    Removing stm32f10x_tim.o(i.TIM_UpdateDisableConfig), (24 bytes).
    Removing stm32f10x_tim.o(i.TIM_UpdateRequestConfig), (24 bytes).
    Removing stm32f10x_usart.o(.rev16_text), (4 bytes).
    Removing stm32f10x_usart.o(.revsh_text), (4 bytes).
    Removing stm32f10x_usart.o(.rrx_text), (6 bytes).
    Removing stm32f10x_usart.o(i.USART_ClearFlag), (18 bytes).
    Removing stm32f10x_usart.o(i.USART_ClearITPendingBit), (30 bytes).
    Removing stm32f10x_usart.o(i.USART_ClockInit), (34 bytes).
    Removing stm32f10x_usart.o(i.USART_ClockStructInit), (12 bytes).
    Removing stm32f10x_usart.o(i.USART_Cmd), (24 bytes).
    Removing stm32f10x_usart.o(i.USART_DMACmd), (18 bytes).
    Removing stm32f10x_usart.o(i.USART_DeInit), (156 bytes).
    Removing stm32f10x_usart.o(i.USART_GetFlagStatus), (26 bytes).
    Removing stm32f10x_usart.o(i.USART_GetITStatus), (84 bytes).
    Removing stm32f10x_usart.o(i.USART_HalfDuplexCmd), (24 bytes).
    Removing stm32f10x_usart.o(i.USART_ITConfig), (74 bytes).
    Removing stm32f10x_usart.o(i.USART_Init), (216 bytes).
    Removing stm32f10x_usart.o(i.USART_IrDACmd), (24 bytes).
    Removing stm32f10x_usart.o(i.USART_IrDAConfig), (18 bytes).
    Removing stm32f10x_usart.o(i.USART_LINBreakDetectLengthConfig), (18 bytes).
    Removing stm32f10x_usart.o(i.USART_LINCmd), (24 bytes).
    Removing stm32f10x_usart.o(i.USART_OneBitMethodCmd), (24 bytes).
    Removing stm32f10x_usart.o(i.USART_OverSampling8Cmd), (22 bytes).
    Removing stm32f10x_usart.o(i.USART_ReceiveData), (10 bytes).
    Removing stm32f10x_usart.o(i.USART_ReceiverWakeUpCmd), (24 bytes).
    Removing stm32f10x_usart.o(i.USART_SendBreak), (10 bytes).
    Removing stm32f10x_usart.o(i.USART_SendData), (8 bytes).
    Removing stm32f10x_usart.o(i.USART_SetAddress), (18 bytes).
    Removing stm32f10x_usart.o(i.USART_SetGuardTime), (16 bytes).
    Removing stm32f10x_usart.o(i.USART_SetPrescaler), (16 bytes).
    Removing stm32f10x_usart.o(i.USART_SmartCardCmd), (24 bytes).
    Removing stm32f10x_usart.o(i.USART_SmartCardNACKCmd), (24 bytes).
    Removing stm32f10x_usart.o(i.USART_StructInit), (24 bytes).
    Removing stm32f10x_usart.o(i.USART_WakeUpConfig), (18 bytes).
    Removing dma_stm32f10x.o(.rev16_text), (4 bytes).
    Removing dma_stm32f10x.o(.revsh_text), (4 bytes).
    Removing dma_stm32f10x.o(.rrx_text), (6 bytes).
    Removing dma_stm32f10x.o(i.DMA_ChannelInitialize), (256 bytes).
    Removing dma_stm32f10x.o(i.DMA_ChannelUninitialize), (188 bytes).
    Removing dma_stm32f10x.o(i.NVIC_ClearPendingIRQ), (24 bytes).
    Removing dma_stm32f10x.o(i.NVIC_DisableIRQ), (24 bytes).
    Removing dma_stm32f10x.o(i.NVIC_EnableIRQ), (22 bytes).
    Removing dma_stm32f10x.o(.data), (1 bytes).
    Removing gpio_stm32f10x.o(.rev16_text), (4 bytes).
    Removing gpio_stm32f10x.o(.revsh_text), (4 bytes).
    Removing gpio_stm32f10x.o(.rrx_text), (6 bytes).
    Removing gpio_stm32f10x.o(i.GPIO_AFConfigure), (88 bytes).
    Removing gpio_stm32f10x.o(i.GPIO_GetPortClockState), (152 bytes).
    Removing gpio_stm32f10x.o(i.GPIO_PinConfigure), (120 bytes).
    Removing gpio_stm32f10x.o(i.GPIO_PortClock), (316 bytes).
    Removing startup_stm32f10x_md.o(HEAP), (512 bytes).
    Removing system_stm32f10x.o(.rev16_text), (4 bytes).
    Removing system_stm32f10x.o(.revsh_text), (4 bytes).
    Removing system_stm32f10x.o(.rrx_text), (6 bytes).
    Removing system_stm32f10x.o(i.SystemCoreClockUpdate), (164 bytes).
    Removing system_stm32f10x.o(.data), (20 bytes).
    Removing dadd.o(.text), (334 bytes).
    Removing dfixul.o(.text), (48 bytes).
    Removing cdrcmple.o(.text), (48 bytes).

414 unused section(s) (total 15994 bytes) removed from the image.

==============================================================================

Image Symbol Table

    Local Symbols

    Symbol Name                              Value     Ov Type        Size  Object(Section)

    ../clib/microlib/division.c              0x00000000   Number         0  uidiv.o ABSOLUTE
    ../clib/microlib/division.c              0x00000000   Number         0  uldiv.o ABSOLUTE
    ../clib/microlib/init/entry.s            0x00000000   Number         0  entry2.o ABSOLUTE
    ../clib/microlib/init/entry.s            0x00000000   Number         0  entry7a.o ABSOLUTE
    ../clib/microlib/init/entry.s            0x00000000   Number         0  entry11a.o ABSOLUTE
    ../clib/microlib/init/entry.s            0x00000000   Number         0  entry10a.o ABSOLUTE
    ../clib/microlib/init/entry.s            0x00000000   Number         0  entry5.o ABSOLUTE
    ../clib/microlib/init/entry.s            0x00000000   Number         0  entry11b.o ABSOLUTE
    ../clib/microlib/init/entry.s            0x00000000   Number         0  entry9b.o ABSOLUTE
    ../clib/microlib/init/entry.s            0x00000000   Number         0  entry9a.o ABSOLUTE
    ../clib/microlib/init/entry.s            0x00000000   Number         0  entry.o ABSOLUTE
    ../clib/microlib/init/entry.s            0x00000000   Number         0  entry10b.o ABSOLUTE
    ../clib/microlib/init/entry.s            0x00000000   Number         0  entry8a.o ABSOLUTE
    ../clib/microlib/init/entry.s            0x00000000   Number         0  entry8b.o ABSOLUTE
    ../clib/microlib/init/entry.s            0x00000000   Number         0  entry7b.o ABSOLUTE
    ../clib/microlib/longlong.c              0x00000000   Number         0  llushr.o ABSOLUTE
    ../clib/microlib/longlong.c              0x00000000   Number         0  llshl.o ABSOLUTE
    ../clib/microlib/longlong.c              0x00000000   Number         0  llsshr.o ABSOLUTE
    ../clib/microlib/printf/printf.c         0x00000000   Number         0  printf7.o ABSOLUTE
    ../clib/microlib/printf/printf.c         0x00000000   Number         0  printfb.o ABSOLUTE
    ../clib/microlib/printf/printf.c         0x00000000   Number         0  printf0.o ABSOLUTE
    ../clib/microlib/printf/printf.c         0x00000000   Number         0  printf1.o ABSOLUTE
    ../clib/microlib/printf/printf.c         0x00000000   Number         0  printf2.o ABSOLUTE
    ../clib/microlib/printf/printf.c         0x00000000   Number         0  printf3.o ABSOLUTE
    ../clib/microlib/printf/printf.c         0x00000000   Number         0  printf4.o ABSOLUTE
    ../clib/microlib/printf/printf.c         0x00000000   Number         0  printf5.o ABSOLUTE
    ../clib/microlib/printf/printf.c         0x00000000   Number         0  printf6.o ABSOLUTE
    ../clib/microlib/printf/printf.c         0x00000000   Number         0  printf8.o ABSOLUTE
    ../clib/microlib/printf/printf.c         0x00000000   Number         0  printfa.o ABSOLUTE
    ../clib/microlib/printf/stubs.s          0x00000000   Number         0  stubs.o ABSOLUTE
    ../clib/microlib/stdio/streams.c         0x00000000   Number         0  stdout.o ABSOLUTE
    ../clib/microlib/string/memcpy.c         0x00000000   Number         0  memcpya.o ABSOLUTE
    ../clib/microlib/string/memcpy.c         0x00000000   Number         0  memcpyb.o ABSOLUTE
    ../clib/microlib/string/memset.c         0x00000000   Number         0  memseta.o ABSOLUTE
    ../clib/microlib/stubs.s                 0x00000000   Number         0  iusefp.o ABSOLUTE
    ../fplib/microlib/d2f.c                  0x00000000   Number         0  d2f.o ABSOLUTE
    ../fplib/microlib/f2d.c                  0x00000000   Number         0  f2d.o ABSOLUTE
    ../fplib/microlib/fpadd.c                0x00000000   Number         0  fadd.o ABSOLUTE
    ../fplib/microlib/fpadd.c                0x00000000   Number         0  dadd.o ABSOLUTE
    ../fplib/microlib/fpdiv.c                0x00000000   Number         0  ddiv.o ABSOLUTE
    ../fplib/microlib/fpdiv.c                0x00000000   Number         0  fdiv.o ABSOLUTE
    ../fplib/microlib/fpepilogue.c           0x00000000   Number         0  depilogue.o ABSOLUTE
    ../fplib/microlib/fpepilogue.c           0x00000000   Number         0  fepilogue.o ABSOLUTE
    ../fplib/microlib/fpfix.c                0x00000000   Number         0  ffixui.o ABSOLUTE
    ../fplib/microlib/fpfix.c                0x00000000   Number         0  dfixul.o ABSOLUTE
    ../fplib/microlib/fpfix.c                0x00000000   Number         0  dfixui.o ABSOLUTE
    ../fplib/microlib/fpflt.c                0x00000000   Number         0  ffltui.o ABSOLUTE
    ../fplib/microlib/fpflt.c                0x00000000   Number         0  dfltui.o ABSOLUTE
    ../fplib/microlib/fpmul.c                0x00000000   Number         0  fmul.o ABSOLUTE
    ../fplib/microlib/fpmul.c                0x00000000   Number         0  dmul.o ABSOLUTE
    C:\Keil_v5\ARM\PACK\Keil\STM32F1xx_DFP\2.1.0\Boards\Keil\MCBSTM32E\Common\ADC_MCBSTM32E.c 0x00000000   Number         0  adc_mcbstm32e.o ABSOLUTE
    C:\Keil_v5\ARM\PACK\Keil\STM32F1xx_DFP\2.1.0\Boards\Keil\MCBSTM32E\Common\Buttons_MCBSTM32E.c 0x00000000   Number         0  buttons_mcbstm32e.o ABSOLUTE
    C:\Keil_v5\ARM\PACK\Keil\STM32F1xx_DFP\2.1.0\Device\StdPeriph_Driver\src\misc.c 0x00000000   Number         0  misc.o ABSOLUTE
    C:\Keil_v5\ARM\PACK\Keil\STM32F1xx_DFP\2.1.0\Device\StdPeriph_Driver\src\stm32f10x_adc.c 0x00000000   Number         0  stm32f10x_adc.o ABSOLUTE
    C:\Keil_v5\ARM\PACK\Keil\STM32F1xx_DFP\2.1.0\Device\StdPeriph_Driver\src\stm32f10x_dma.c 0x00000000   Number         0  stm32f10x_dma.o ABSOLUTE
    C:\Keil_v5\ARM\PACK\Keil\STM32F1xx_DFP\2.1.0\Device\StdPeriph_Driver\src\stm32f10x_flash.c 0x00000000   Number         0  stm32f10x_flash.o ABSOLUTE
    C:\Keil_v5\ARM\PACK\Keil\STM32F1xx_DFP\2.1.0\Device\StdPeriph_Driver\src\stm32f10x_gpio.c 0x00000000   Number         0  stm32f10x_gpio.o ABSOLUTE
    C:\Keil_v5\ARM\PACK\Keil\STM32F1xx_DFP\2.1.0\Device\StdPeriph_Driver\src\stm32f10x_rcc.c 0x00000000   Number         0  stm32f10x_rcc.o ABSOLUTE
    C:\Keil_v5\ARM\PACK\Keil\STM32F1xx_DFP\2.1.0\Device\StdPeriph_Driver\src\stm32f10x_rtc.c 0x00000000   Number         0  stm32f10x_rtc.o ABSOLUTE
    C:\Keil_v5\ARM\PACK\Keil\STM32F1xx_DFP\2.1.0\Device\StdPeriph_Driver\src\stm32f10x_spi.c 0x00000000   Number         0  stm32f10x_spi.o ABSOLUTE
    C:\Keil_v5\ARM\PACK\Keil\STM32F1xx_DFP\2.1.0\Device\StdPeriph_Driver\src\stm32f10x_tim.c 0x00000000   Number         0  stm32f10x_tim.o ABSOLUTE
    C:\Keil_v5\ARM\PACK\Keil\STM32F1xx_DFP\2.1.0\Device\StdPeriph_Driver\src\stm32f10x_usart.c 0x00000000   Number         0  stm32f10x_usart.o ABSOLUTE
    C:\Keil_v5\ARM\PACK\Keil\STM32F1xx_DFP\2.1.0\RTE_Driver\DMA_STM32F10x.c 0x00000000   Number         0  dma_stm32f10x.o ABSOLUTE
    C:\Keil_v5\ARM\PACK\Keil\STM32F1xx_DFP\2.1.0\RTE_Driver\GPIO_STM32F10x.c 0x00000000   Number         0  gpio_stm32f10x.o ABSOLUTE
    C:\\Keil_v5\\ARM\\PACK\\Keil\\STM32F1xx_DFP\\2.1.0\\Boards\\Keil\\MCBSTM32E\\Common\\ADC_MCBSTM32E.c 0x00000000   Number         0  adc_mcbstm32e.o ABSOLUTE
    C:\\Keil_v5\\ARM\\PACK\\Keil\\STM32F1xx_DFP\\2.1.0\\Boards\\Keil\\MCBSTM32E\\Common\\Buttons_MCBSTM32E.c 0x00000000   Number         0  buttons_mcbstm32e.o ABSOLUTE
    C:\\Keil_v5\\ARM\\PACK\\Keil\\STM32F1xx_DFP\\2.1.0\\Device\\StdPeriph_Driver\\src\\misc.c 0x00000000   Number         0  misc.o ABSOLUTE
    C:\\Keil_v5\\ARM\\PACK\\Keil\\STM32F1xx_DFP\\2.1.0\\Device\\StdPeriph_Driver\\src\\stm32f10x_adc.c 0x00000000   Number         0  stm32f10x_adc.o ABSOLUTE
    C:\\Keil_v5\\ARM\\PACK\\Keil\\STM32F1xx_DFP\\2.1.0\\Device\\StdPeriph_Driver\\src\\stm32f10x_dma.c 0x00000000   Number         0  stm32f10x_dma.o ABSOLUTE
    C:\\Keil_v5\\ARM\\PACK\\Keil\\STM32F1xx_DFP\\2.1.0\\Device\\StdPeriph_Driver\\src\\stm32f10x_flash.c 0x00000000   Number         0  stm32f10x_flash.o ABSOLUTE
    C:\\Keil_v5\\ARM\\PACK\\Keil\\STM32F1xx_DFP\\2.1.0\\Device\\StdPeriph_Driver\\src\\stm32f10x_gpio.c 0x00000000   Number         0  stm32f10x_gpio.o ABSOLUTE
    C:\\Keil_v5\\ARM\\PACK\\Keil\\STM32F1xx_DFP\\2.1.0\\Device\\StdPeriph_Driver\\src\\stm32f10x_rcc.c 0x00000000   Number         0  stm32f10x_rcc.o ABSOLUTE
    C:\\Keil_v5\\ARM\\PACK\\Keil\\STM32F1xx_DFP\\2.1.0\\Device\\StdPeriph_Driver\\src\\stm32f10x_rtc.c 0x00000000   Number         0  stm32f10x_rtc.o ABSOLUTE
    C:\\Keil_v5\\ARM\\PACK\\Keil\\STM32F1xx_DFP\\2.1.0\\Device\\StdPeriph_Driver\\src\\stm32f10x_spi.c 0x00000000   Number         0  stm32f10x_spi.o ABSOLUTE
    C:\\Keil_v5\\ARM\\PACK\\Keil\\STM32F1xx_DFP\\2.1.0\\Device\\StdPeriph_Driver\\src\\stm32f10x_tim.c 0x00000000   Number         0  stm32f10x_tim.o ABSOLUTE
    C:\\Keil_v5\\ARM\\PACK\\Keil\\STM32F1xx_DFP\\2.1.0\\Device\\StdPeriph_Driver\\src\\stm32f10x_usart.c 0x00000000   Number         0  stm32f10x_usart.o ABSOLUTE
    C:\\Keil_v5\\ARM\\PACK\\Keil\\STM32F1xx_DFP\\2.1.0\\RTE_Driver\\DMA_STM32F10x.c 0x00000000   Number         0  dma_stm32f10x.o ABSOLUTE
    C:\\Keil_v5\\ARM\\PACK\\Keil\\STM32F1xx_DFP\\2.1.0\\RTE_Driver\\GPIO_STM32F10x.c 0x00000000   Number         0  gpio_stm32f10x.o ABSOLUTE
    RTE\Device\STM32F103C8\startup_stm32f10x_md.s 0x00000000   Number         0  startup_stm32f10x_md.o ABSOLUTE
    RTE\Device\STM32F103C8\system_stm32f10x.c 0x00000000   Number         0  system_stm32f10x.o ABSOLUTE
    RTE\\Device\\STM32F103C8\\system_stm32f10x.c 0x00000000   Number         0  system_stm32f10x.o ABSOLUTE
    Usart_Data_analyze.c                     0x00000000   Number         0  usart_data_analyze.o ABSOLUTE
    Usart_Data_analyze.c                     0x00000000   Number         0  usart_data_analyze.o ABSOLUTE
    adc.c                                    0x00000000   Number         0  adc.o ABSOLUTE
    adc.c                                    0x00000000   Number         0  adc.o ABSOLUTE
    cdrcmple.s                               0x00000000   Number         0  cdrcmple.o ABSOLUTE
    cfcmple.s                                0x00000000   Number         0  cfcmple.o ABSOLUTE
    cfrcmple.s                               0x00000000   Number         0  cfrcmple.o ABSOLUTE
    crc.c                                    0x00000000   Number         0  crc.o ABSOLUTE
    crc.c                                    0x00000000   Number         0  crc.o ABSOLUTE
    dc.s                                     0x00000000   Number         0  dc.o ABSOLUTE
    delay.c                                  0x00000000   Number         0  delay.o ABSOLUTE
    delay.c                                  0x00000000   Number         0  delay.o ABSOLUTE
    dog.c                                    0x00000000   Number         0  dog.o ABSOLUTE
    dog.c                                    0x00000000   Number         0  dog.o ABSOLUTE
    exti.c                                   0x00000000   Number         0  exti.o ABSOLUTE
    exti.c                                   0x00000000   Number         0  exti.o ABSOLUTE
    flash.c                                  0x00000000   Number         0  flash.o ABSOLUTE
    flash.c                                  0x00000000   Number         0  flash.o ABSOLUTE
    handlers.s                               0x00000000   Number         0  handlers.o ABSOLUTE
    init.s                                   0x00000000   Number         0  init.o ABSOLUTE
    main.c                                   0x00000000   Number         0  main.o ABSOLUTE
    main.c                                   0x00000000   Number         0  main.o ABSOLUTE
    pwm.c                                    0x00000000   Number         0  pwm.o ABSOLUTE
    pwm.c                                    0x00000000   Number         0  pwm.o ABSOLUTE
    rcc.c                                    0x00000000   Number         0  rcc.o ABSOLUTE
    rcc.c                                    0x00000000   Number         0  rcc.o ABSOLUTE
    rs485.c                                  0x00000000   Number         0  rs485.o ABSOLUTE
    rs485.c                                  0x00000000   Number         0  rs485.o ABSOLUTE
    rtc.c                                    0x00000000   Number         0  rtc.o ABSOLUTE
    rtc.c                                    0x00000000   Number         0  rtc.o ABSOLUTE
    usart.c                                  0x00000000   Number         0  usart.o ABSOLUTE
    usart.c                                  0x00000000   Number         0  usart.o ABSOLUTE
    RESET                                    0x08000000   Section      236  startup_stm32f10x_md.o(RESET)
    .ARM.Collect$$$$00000000                 0x080000ec   Section        0  entry.o(.ARM.Collect$$$$00000000)
    .ARM.Collect$$$$00000001                 0x080000ec   Section        4  entry2.o(.ARM.Collect$$$$00000001)
    .ARM.Collect$$$$00000004                 0x080000f0   Section        4  entry5.o(.ARM.Collect$$$$00000004)
    .ARM.Collect$$$$00000008                 0x080000f4   Section        0  entry7b.o(.ARM.Collect$$$$00000008)
    .ARM.Collect$$$$0000000A                 0x080000f4   Section        0  entry8b.o(.ARM.Collect$$$$0000000A)
    .ARM.Collect$$$$0000000B                 0x080000f4   Section        8  entry9a.o(.ARM.Collect$$$$0000000B)
    .ARM.Collect$$$$0000000D                 0x080000fc   Section        0  entry10a.o(.ARM.Collect$$$$0000000D)
    .ARM.Collect$$$$0000000F                 0x080000fc   Section        0  entry11a.o(.ARM.Collect$$$$0000000F)
    .ARM.Collect$$$$00002712                 0x080000fc   Section        4  entry2.o(.ARM.Collect$$$$00002712)
    __lit__00000000                          0x080000fc   Data           4  entry2.o(.ARM.Collect$$$$00002712)
    .text                                    0x08000100   Section       36  startup_stm32f10x_md.o(.text)
    .text                                    0x08000124   Section        0  memcpya.o(.text)
    .text                                    0x08000148   Section        0  memseta.o(.text)
    .text                                    0x0800016c   Section        0  fadd.o(.text)
    .text                                    0x0800021c   Section        0  fmul.o(.text)
    .text                                    0x08000280   Section        0  fdiv.o(.text)
    .text                                    0x080002fc   Section        0  dmul.o(.text)
    .text                                    0x080003e0   Section        0  ddiv.o(.text)
    .text                                    0x080004be   Section        0  ffltui.o(.text)
    .text                                    0x080004c8   Section        0  dfltui.o(.text)
    .text                                    0x080004e2   Section        0  ffixui.o(.text)
    .text                                    0x0800050a   Section        0  dfixui.o(.text)
    .text                                    0x0800053c   Section        0  f2d.o(.text)
    .text                                    0x08000562   Section        0  d2f.o(.text)
    .text                                    0x0800059c   Section       20  cfcmple.o(.text)
    .text                                    0x080005b0   Section       20  cfrcmple.o(.text)
    .text                                    0x080005c4   Section        0  llushr.o(.text)
    .text                                    0x080005e4   Section        0  iusefp.o(.text)
    .text                                    0x080005e4   Section        0  fepilogue.o(.text)
    .text                                    0x08000652   Section        0  depilogue.o(.text)
    .text                                    0x0800070c   Section       36  init.o(.text)
    .text                                    0x08000730   Section        0  llshl.o(.text)
    i.ADC1_2_IRQHandler                      0x08000750   Section        0  adc_mcbstm32e.o(i.ADC1_2_IRQHandler)
    i.ADC_GPIO_config                        0x08000784   Section        0  adc.o(i.ADC_GPIO_config)
    i.ADC_config                             0x080007ac   Section        0  adc.o(i.ADC_config)
    i.Analyze_Adc_I_Data                     0x080008c4   Section        0  adc.o(i.Analyze_Adc_I_Data)
    i.Analyze_Adc_U_Data                     0x080009c0   Section        0  adc.o(i.Analyze_Adc_U_Data)
    i.Analyze_Rec_Frame                      0x08000abc   Section        0  usart_data_analyze.o(i.Analyze_Rec_Frame)
    i.Bkp_Init                               0x08000b2c   Section        0  rtc.o(i.Bkp_Init)
    i.DMA1_Channel1_Event                    0x08000b6c   Section        0  dma_stm32f10x.o(i.DMA1_Channel1_Event)
    i.DMA1_Channel1_IRQHandler               0x08000b70   Section        0  dma_stm32f10x.o(i.DMA1_Channel1_IRQHandler)
    i.DMA1_Channel2_Event                    0x08000b8c   Section        0  dma_stm32f10x.o(i.DMA1_Channel2_Event)
    i.DMA1_Channel2_IRQHandler               0x08000b90   Section        0  dma_stm32f10x.o(i.DMA1_Channel2_IRQHandler)
    i.DMA1_Channel3_Event                    0x08000bac   Section        0  dma_stm32f10x.o(i.DMA1_Channel3_Event)
    i.DMA1_Channel3_IRQHandler               0x08000bb0   Section        0  dma_stm32f10x.o(i.DMA1_Channel3_IRQHandler)
    i.DMA1_Channel4_Event                    0x08000bcc   Section        0  dma_stm32f10x.o(i.DMA1_Channel4_Event)
    i.DMA1_Channel4_IRQHandler               0x08000bd0   Section        0  dma_stm32f10x.o(i.DMA1_Channel4_IRQHandler)
    i.DMA1_Channel5_Event                    0x08000bec   Section        0  dma_stm32f10x.o(i.DMA1_Channel5_Event)
    i.DMA1_Channel5_IRQHandler               0x08000bf0   Section        0  dma_stm32f10x.o(i.DMA1_Channel5_IRQHandler)
    i.DMA1_Channel6_Event                    0x08000c0c   Section        0  dma_stm32f10x.o(i.DMA1_Channel6_Event)
    i.DMA1_Channel6_IRQHandler               0x08000c10   Section        0  dma_stm32f10x.o(i.DMA1_Channel6_IRQHandler)
    i.DMA1_Channel7_Event                    0x08000c2c   Section        0  dma_stm32f10x.o(i.DMA1_Channel7_Event)
    i.DMA1_Channel7_IRQHandler               0x08000c30   Section        0  dma_stm32f10x.o(i.DMA1_Channel7_IRQHandler)
    i.Date_TO_Sec                            0x08000c4c   Section        0  rtc.o(i.Date_TO_Sec)
    i.DelPage                                0x08000cf8   Section        0  flash.o(i.DelPage)
    i.Delayms                                0x08000d54   Section        0  delay.o(i.Delayms)
    i.EXTI0_IRQHandler                       0x08000d74   Section        0  exti.o(i.EXTI0_IRQHandler)
    i.FLASH_GetBank1Status                   0x08000da0   Section        0  stm32f10x_flash.o(i.FLASH_GetBank1Status)
    i.FLASH_WaitForLastOperation             0x08000dd4   Section        0  stm32f10x_flash.o(i.FLASH_WaitForLastOperation)
    i.FlashunInit                            0x08000dfc   Section        0  flash.o(i.FlashunInit)
    i.Get_Adc                                0x08000e14   Section        0  adc.o(i.Get_Adc)
    i.Get_Adc_Average                        0x08000e58   Section        0  adc.o(i.Get_Adc_Average)
    i.Get_Crc                                0x08000e7c   Section        0  crc.o(i.Get_Crc)
    i.Get_Crc16                              0x08000ec0   Section        0  crc.o(i.Get_Crc16)
    i.Handle_ReceiveData                     0x08000efc   Section        0  usart_data_analyze.o(i.Handle_ReceiveData)
    i.IWDG_Feed                              0x08000f90   Section        0  dog.o(i.IWDG_Feed)
    i.IWDG_Init                              0x08000fa0   Section        0  dog.o(i.IWDG_Init)
    i.Init_Gpio                              0x08000fc0   Section        0  pwm.o(i.Init_Gpio)
    i.Init_SyStemClock_inside                0x08000fec   Section        0  rcc.o(i.Init_SyStemClock_inside)
    i.Is_LeapYear                            0x08001050   Section        0  rtc.o(i.Is_LeapYear)
    i.KEY_Init                               0x0800108c   Section        0  exti.o(i.KEY_Init)
    i.LedToggle                              0x080010c8   Section        0  pwm.o(i.LedToggle)
    i.Operate_LED                            0x08001104   Section        0  usart_data_analyze.o(i.Operate_LED)
    i.PWM_TIM1_Init                          0x080012dc   Section        0  pwm.o(i.PWM_TIM1_Init)
    i.Pack_Data                              0x08001360   Section        0  usart_data_analyze.o(i.Pack_Data)
    i.RS485_Init                             0x08001428   Section        0  rs485.o(i.RS485_Init)
    i.RTC_IRQHandler                         0x08001530   Section        0  rtc.o(i.RTC_IRQHandler)
    i.RTC__NVIC_Init                         0x080015ac   Section        0  rtc.o(i.RTC__NVIC_Init)
    i.Rec_Data_Handle                        0x080015e0   Section        0  usart_data_analyze.o(i.Rec_Data_Handle)
    i.Register_shortaddr                     0x08001af0   Section        0  usart_data_analyze.o(i.Register_shortaddr)
    i.Rtc_DAY_Get                            0x08001bb4   Section        0  rtc.o(i.Rtc_DAY_Get)
    i.Rtc_Get                                0x08001c2c   Section        0  rtc.o(i.Rtc_Get)
    i.Rtc_Init                               0x08001d20   Section        0  rtc.o(i.Rtc_Init)
    i.Rtc_Init2                              0x08001e78   Section        0  rtc.o(i.Rtc_Init2)
    i.Rtc_TIME_Set                           0x08001edc   Section        0  rtc.o(i.Rtc_TIME_Set)
    i.STMFLASH_ErasePage                     0x08001f70   Section        0  flash.o(i.STMFLASH_ErasePage)
    i.STMFLASH_GetStatus                     0x08001fc4   Section        0  flash.o(i.STMFLASH_GetStatus)
    i.STMFLASH_Lock                          0x08001ff0   Section        0  flash.o(i.STMFLASH_Lock)
    i.STMFLASH_WaitDone                      0x08002004   Section        0  flash.o(i.STMFLASH_WaitDone)
    i.STMFLASH_WriteHalfWord                 0x08002030   Section        0  flash.o(i.STMFLASH_WriteHalfWord)
    i.SetSysClock                            0x08002078   Section        0  system_stm32f10x.o(i.SetSysClock)
    SetSysClock                              0x08002079   Thumb Code     8  system_stm32f10x.o(i.SetSysClock)
    i.SetSysClockTo72                        0x08002080   Section        0  system_stm32f10x.o(i.SetSysClockTo72)
    SetSysClockTo72                          0x08002081   Thumb Code   214  system_stm32f10x.o(i.SetSysClockTo72)
    i.SystemInit                             0x08002160   Section        0  system_stm32f10x.o(i.SystemInit)
    i.TIM3_IRQHandler                        0x080021c0   Section        0  pwm.o(i.TIM3_IRQHandler)
    i.TIM3_Int_Init                          0x0800220c   Section        0  pwm.o(i.TIM3_Int_Init)
    i.TIMER3_UP__NVIC_Init                   0x0800224c   Section        0  pwm.o(i.TIMER3_UP__NVIC_Init)
    i.Total_worktime                         0x08002280   Section        0  usart_data_analyze.o(i.Total_worktime)
    i.USART1_IRQHandler                      0x080022b4   Section        0  usart.o(i.USART1_IRQHandler)
    i.USART1_NVIC_Init                       0x08002310   Section        0  usart.o(i.USART1_NVIC_Init)
    i.USART2_IRQHandler                      0x08002354   Section        0  rs485.o(i.USART2_IRQHandler)
    i.USART2_NVIC_INIT                       0x08002390   Section        0  rs485.o(i.USART2_NVIC_INIT)
    i.Uart1_PutChar                          0x080023d4   Section        0  usart.o(i.Uart1_PutChar)
    i.Upload_HeartbeatData                   0x080023f0   Section        0  usart_data_analyze.o(i.Upload_HeartbeatData)
    i.WWDG_IRQHandler                        0x08002518   Section        0  dog.o(i.WWDG_IRQHandler)
    i.WriteData                              0x08002524   Section        0  flash.o(i.WriteData)
    i.__0printf$2                            0x0800257c   Section        0  printf2.o(i.__0printf$2)
    i.__scatterload_copy                     0x0800259c   Section       14  handlers.o(i.__scatterload_copy)
    i.__scatterload_null                     0x080025aa   Section        2  handlers.o(i.__scatterload_null)
    i.__scatterload_zeroinit                 0x080025ac   Section       14  handlers.o(i.__scatterload_zeroinit)
    i._printf_core                           0x080025ba   Section        0  printf2.o(i._printf_core)
    _printf_core                             0x080025bb   Thumb Code   214  printf2.o(i._printf_core)
    i.analyze_PWMcxe                         0x08002690   Section        0  usart_data_analyze.o(i.analyze_PWMcxe)
    i.fputc                                  0x0800273c   Section        0  usart.o(i.fputc)
    i.main                                   0x08002758   Section        0  main.o(i.main)
    i.pwmval                                 0x080027dc   Section        0  pwm.o(i.pwmval)
    i.uart_init                              0x08002820   Section        0  usart.o(i.uart_init)
    .constdata                               0x080028f0   Section       80  usart_data_analyze.o(.constdata)
    .constdata                               0x08002940   Section       60  rtc.o(.constdata)
    .conststring                             0x0800297c   Section       65  rtc.o(.conststring)
    .data                                    0x20000000   Section        4  usart.o(.data)
    .data                                    0x20000004   Section        4  pwm.o(.data)
    pwm00                                    0x20000006   Data           2  pwm.o(.data)
    .data                                    0x20000008   Section       22  adc.o(.data)
    .data                                    0x2000001e   Section        1  flash.o(.data)
    .data                                    0x20000020   Section       15  usart_data_analyze.o(.data)
    .data                                    0x20000030   Section       44  rtc.o(.data)
    .data                                    0x2000005c   Section        1  exti.o(.data)
    .data                                    0x2000005d   Section        8  rs485.o(.data)
    .data                                    0x20000066   Section        3  adc_mcbstm32e.o(.data)
    AD_last                                  0x20000066   Data           2  adc_mcbstm32e.o(.data)
    AD_done                                  0x20000068   Data           1  adc_mcbstm32e.o(.data)
    .data                                    0x2000006c   Section        4  stdout.o(.data)
    .bss                                     0x20000070   Section       50  usart.o(.bss)
    .bss                                     0x200000a4   Section       80  adc.o(.bss)
    .bss                                     0x200000f4   Section       10  rtc.o(.bss)
    STACK                                    0x20000100   Section     1024  startup_stm32f10x_md.o(STACK)

    Global Symbols

    Symbol Name                              Value     Ov Type        Size  Object(Section)

    BuildAttributes$$THM_ISAv4$P$D$K$B$S$PE$A:L22UL41UL21$X:L11$S22US41US21$IEEE1$IW$USESV6$~STKCKD$USESV7$~SHL$OTIME$ROPI$EBA8$MICROLIB$REQ8$PRES8$EABIv2 0x00000000   Number         0  anon$$obj.o ABSOLUTE
    __ARM_use_no_argv                        0x00000000   Number         0  main.o ABSOLUTE
    _printf_a                                0x00000000   Number         0  stubs.o ABSOLUTE
    _printf_c                                0x00000000   Number         0  stubs.o ABSOLUTE
    _printf_charcount                        0x00000000   Number         0  stubs.o ABSOLUTE
    _printf_d                                0x00000000   Number         0  stubs.o ABSOLUTE
    _printf_e                                0x00000000   Number         0  stubs.o ABSOLUTE
    _printf_f                                0x00000000   Number         0  stubs.o ABSOLUTE
    _printf_flags                            0x00000000   Number         0  stubs.o ABSOLUTE
    _printf_fp_dec                           0x00000000   Number         0  stubs.o ABSOLUTE
    _printf_fp_hex                           0x00000000   Number         0  stubs.o ABSOLUTE
    _printf_g                                0x00000000   Number         0  stubs.o ABSOLUTE
    _printf_i                                0x00000000   Number         0  stubs.o ABSOLUTE
    _printf_int_dec                          0x00000000   Number         0  stubs.o ABSOLUTE
    _printf_l                                0x00000000   Number         0  stubs.o ABSOLUTE
    _printf_lc                               0x00000000   Number         0  stubs.o ABSOLUTE
    _printf_ll                               0x00000000   Number         0  stubs.o ABSOLUTE
    _printf_lld                              0x00000000   Number         0  stubs.o ABSOLUTE
    _printf_lli                              0x00000000   Number         0  stubs.o ABSOLUTE
    _printf_llo                              0x00000000   Number         0  stubs.o ABSOLUTE
    _printf_llu                              0x00000000   Number         0  stubs.o ABSOLUTE
    _printf_llx                              0x00000000   Number         0  stubs.o ABSOLUTE
    _printf_longlong_dec                     0x00000000   Number         0  stubs.o ABSOLUTE
    _printf_longlong_hex                     0x00000000   Number         0  stubs.o ABSOLUTE
    _printf_longlong_oct                     0x00000000   Number         0  stubs.o ABSOLUTE
    _printf_ls                               0x00000000   Number         0  stubs.o ABSOLUTE
    _printf_mbtowc                           0x00000000   Number         0  stubs.o ABSOLUTE
    _printf_n                                0x00000000   Number         0  stubs.o ABSOLUTE
    _printf_o                                0x00000000   Number         0  stubs.o ABSOLUTE
    _printf_p                                0x00000000   Number         0  stubs.o ABSOLUTE
    _printf_percent                          0x00000000   Number         0  stubs.o ABSOLUTE
    _printf_pre_padding                      0x00000000   Number         0  stubs.o ABSOLUTE
    _printf_return_value                     0x00000000   Number         0  stubs.o ABSOLUTE
    _printf_s                                0x00000000   Number         0  stubs.o ABSOLUTE
    _printf_sizespec                         0x00000000   Number         0  stubs.o ABSOLUTE
    _printf_str                              0x00000000   Number         0  stubs.o ABSOLUTE
    _printf_truncate_signed                  0x00000000   Number         0  stubs.o ABSOLUTE
    _printf_truncate_unsigned                0x00000000   Number         0  stubs.o ABSOLUTE
    _printf_u                                0x00000000   Number         0  stubs.o ABSOLUTE
    _printf_wc                               0x00000000   Number         0  stubs.o ABSOLUTE
    _printf_wctomb                           0x00000000   Number         0  stubs.o ABSOLUTE
    _printf_widthprec                        0x00000000   Number         0  stubs.o ABSOLUTE
    _printf_x                                0x00000000   Number         0  stubs.o ABSOLUTE
    __cpp_initialize__aeabi_                  - Undefined Weak Reference
    __cxa_finalize                            - Undefined Weak Reference
    __decompress                              - Undefined Weak Reference
    _clock_init                               - Undefined Weak Reference
    _microlib_exit                            - Undefined Weak Reference
    __Vectors_Size                           0x000000ec   Number         0  startup_stm32f10x_md.o ABSOLUTE
    __Vectors                                0x08000000   Data           4  startup_stm32f10x_md.o(RESET)
    __Vectors_End                            0x080000ec   Data           0  startup_stm32f10x_md.o(RESET)
    __main                                   0x080000ed   Thumb Code     0  entry.o(.ARM.Collect$$$$00000000)
    _main_stk                                0x080000ed   Thumb Code     0  entry2.o(.ARM.Collect$$$$00000001)
    _main_scatterload                        0x080000f1   Thumb Code     0  entry5.o(.ARM.Collect$$$$00000004)
    __main_after_scatterload                 0x080000f5   Thumb Code     0  entry5.o(.ARM.Collect$$$$00000004)
    _main_clock                              0x080000f5   Thumb Code     0  entry7b.o(.ARM.Collect$$$$00000008)
    _main_cpp_init                           0x080000f5   Thumb Code     0  entry8b.o(.ARM.Collect$$$$0000000A)
    _main_init                               0x080000f5   Thumb Code     0  entry9a.o(.ARM.Collect$$$$0000000B)
    __rt_final_cpp                           0x080000fd   Thumb Code     0  entry10a.o(.ARM.Collect$$$$0000000D)
    __rt_final_exit                          0x080000fd   Thumb Code     0  entry11a.o(.ARM.Collect$$$$0000000F)
    Reset_Handler                            0x08000101   Thumb Code     8  startup_stm32f10x_md.o(.text)
    NMI_Handler                              0x08000109   Thumb Code     2  startup_stm32f10x_md.o(.text)
    HardFault_Handler                        0x0800010b   Thumb Code     2  startup_stm32f10x_md.o(.text)
    MemManage_Handler                        0x0800010d   Thumb Code     2  startup_stm32f10x_md.o(.text)
    BusFault_Handler                         0x0800010f   Thumb Code     2  startup_stm32f10x_md.o(.text)
    UsageFault_Handler                       0x08000111   Thumb Code     2  startup_stm32f10x_md.o(.text)
    SVC_Handler                              0x08000113   Thumb Code     2  startup_stm32f10x_md.o(.text)
    DebugMon_Handler                         0x08000115   Thumb Code     2  startup_stm32f10x_md.o(.text)
    PendSV_Handler                           0x08000117   Thumb Code     2  startup_stm32f10x_md.o(.text)
    SysTick_Handler                          0x08000119   Thumb Code     2  startup_stm32f10x_md.o(.text)
    CAN1_RX1_IRQHandler                      0x0800011b   Thumb Code     0  startup_stm32f10x_md.o(.text)
    CAN1_SCE_IRQHandler                      0x0800011b   Thumb Code     0  startup_stm32f10x_md.o(.text)
    EXTI15_10_IRQHandler                     0x0800011b   Thumb Code     0  startup_stm32f10x_md.o(.text)
    EXTI1_IRQHandler                         0x0800011b   Thumb Code     0  startup_stm32f10x_md.o(.text)
    EXTI2_IRQHandler                         0x0800011b   Thumb Code     0  startup_stm32f10x_md.o(.text)
    EXTI3_IRQHandler                         0x0800011b   Thumb Code     0  startup_stm32f10x_md.o(.text)
    EXTI4_IRQHandler                         0x0800011b   Thumb Code     0  startup_stm32f10x_md.o(.text)
    EXTI9_5_IRQHandler                       0x0800011b   Thumb Code     0  startup_stm32f10x_md.o(.text)
    FLASH_IRQHandler                         0x0800011b   Thumb Code     0  startup_stm32f10x_md.o(.text)
    I2C1_ER_IRQHandler                       0x0800011b   Thumb Code     0  startup_stm32f10x_md.o(.text)
    I2C1_EV_IRQHandler                       0x0800011b   Thumb Code     0  startup_stm32f10x_md.o(.text)
    I2C2_ER_IRQHandler                       0x0800011b   Thumb Code     0  startup_stm32f10x_md.o(.text)
    I2C2_EV_IRQHandler                       0x0800011b   Thumb Code     0  startup_stm32f10x_md.o(.text)
    PVD_IRQHandler                           0x0800011b   Thumb Code     0  startup_stm32f10x_md.o(.text)
    RCC_IRQHandler                           0x0800011b   Thumb Code     0  startup_stm32f10x_md.o(.text)
    RTCAlarm_IRQHandler                      0x0800011b   Thumb Code     0  startup_stm32f10x_md.o(.text)
    SPI1_IRQHandler                          0x0800011b   Thumb Code     0  startup_stm32f10x_md.o(.text)
    SPI2_IRQHandler                          0x0800011b   Thumb Code     0  startup_stm32f10x_md.o(.text)
    TAMPER_IRQHandler                        0x0800011b   Thumb Code     0  startup_stm32f10x_md.o(.text)
    TIM1_BRK_IRQHandler                      0x0800011b   Thumb Code     0  startup_stm32f10x_md.o(.text)
    TIM1_CC_IRQHandler                       0x0800011b   Thumb Code     0  startup_stm32f10x_md.o(.text)
    TIM1_TRG_COM_IRQHandler                  0x0800011b   Thumb Code     0  startup_stm32f10x_md.o(.text)
    TIM1_UP_IRQHandler                       0x0800011b   Thumb Code     0  startup_stm32f10x_md.o(.text)
    TIM2_IRQHandler                          0x0800011b   Thumb Code     0  startup_stm32f10x_md.o(.text)
    TIM4_IRQHandler                          0x0800011b   Thumb Code     0  startup_stm32f10x_md.o(.text)
    USART3_IRQHandler                        0x0800011b   Thumb Code     0  startup_stm32f10x_md.o(.text)
    USBWakeUp_IRQHandler                     0x0800011b   Thumb Code     0  startup_stm32f10x_md.o(.text)
    USB_HP_CAN1_TX_IRQHandler                0x0800011b   Thumb Code     0  startup_stm32f10x_md.o(.text)
    USB_LP_CAN1_RX0_IRQHandler               0x0800011b   Thumb Code     0  startup_stm32f10x_md.o(.text)
    __aeabi_memcpy                           0x08000125   Thumb Code    36  memcpya.o(.text)
    __aeabi_memcpy4                          0x08000125   Thumb Code     0  memcpya.o(.text)
    __aeabi_memcpy8                          0x08000125   Thumb Code     0  memcpya.o(.text)
    __aeabi_memset                           0x08000149   Thumb Code    14  memseta.o(.text)
    __aeabi_memset4                          0x08000149   Thumb Code     0  memseta.o(.text)
    __aeabi_memset8                          0x08000149   Thumb Code     0  memseta.o(.text)
    __aeabi_memclr                           0x08000157   Thumb Code     4  memseta.o(.text)
    __aeabi_memclr4                          0x08000157   Thumb Code     0  memseta.o(.text)
    __aeabi_memclr8                          0x08000157   Thumb Code     0  memseta.o(.text)
    _memset$wrapper                          0x0800015b   Thumb Code    18  memseta.o(.text)
    __aeabi_fadd                             0x0800016d   Thumb Code   164  fadd.o(.text)
    __aeabi_fsub                             0x08000211   Thumb Code     6  fadd.o(.text)
    __aeabi_frsub                            0x08000217   Thumb Code     6  fadd.o(.text)
    __aeabi_fmul                             0x0800021d   Thumb Code   100  fmul.o(.text)
    __aeabi_fdiv                             0x08000281   Thumb Code   124  fdiv.o(.text)
    __aeabi_dmul                             0x080002fd   Thumb Code   228  dmul.o(.text)
    __aeabi_ddiv                             0x080003e1   Thumb Code   222  ddiv.o(.text)
    __aeabi_ui2f                             0x080004bf   Thumb Code    10  ffltui.o(.text)
    __aeabi_ui2d                             0x080004c9   Thumb Code    26  dfltui.o(.text)
    __aeabi_f2uiz                            0x080004e3   Thumb Code    40  ffixui.o(.text)
    __aeabi_d2uiz                            0x0800050b   Thumb Code    50  dfixui.o(.text)
    __aeabi_f2d                              0x0800053d   Thumb Code    38  f2d.o(.text)
    __aeabi_d2f                              0x08000563   Thumb Code    56  d2f.o(.text)
    __aeabi_cfcmpeq                          0x0800059d   Thumb Code     0  cfcmple.o(.text)
    __aeabi_cfcmple                          0x0800059d   Thumb Code    20  cfcmple.o(.text)
    __aeabi_cfrcmple                         0x080005b1   Thumb Code    20  cfrcmple.o(.text)
    __aeabi_llsr                             0x080005c5   Thumb Code    32  llushr.o(.text)
    _ll_ushift_r                             0x080005c5   Thumb Code     0  llushr.o(.text)
    __I$use$fp                               0x080005e5   Thumb Code     0  iusefp.o(.text)
    _float_round                             0x080005e5   Thumb Code    18  fepilogue.o(.text)
    _float_epilogue                          0x080005f7   Thumb Code    92  fepilogue.o(.text)
    _double_round                            0x08000653   Thumb Code    30  depilogue.o(.text)
    _double_epilogue                         0x08000671   Thumb Code   156  depilogue.o(.text)
    __scatterload                            0x0800070d   Thumb Code    28  init.o(.text)
    __scatterload_rt2                        0x0800070d   Thumb Code     0  init.o(.text)
    __aeabi_llsl                             0x08000731   Thumb Code    30  llshl.o(.text)
    _ll_shift_l                              0x08000731   Thumb Code     0  llshl.o(.text)
    ADC1_2_IRQHandler                        0x08000751   Thumb Code    40  adc_mcbstm32e.o(i.ADC1_2_IRQHandler)
    ADC_GPIO_config                          0x08000785   Thumb Code    26  adc.o(i.ADC_GPIO_config)
    ADC_config                               0x080007ad   Thumb Code   262  adc.o(i.ADC_config)
    Analyze_Adc_I_Data                       0x080008c5   Thumb Code   214  adc.o(i.Analyze_Adc_I_Data)
    Analyze_Adc_U_Data                       0x080009c1   Thumb Code   214  adc.o(i.Analyze_Adc_U_Data)
    Analyze_Rec_Frame                        0x08000abd   Thumb Code   112  usart_data_analyze.o(i.Analyze_Rec_Frame)
    Bkp_Init                                 0x08000b2d   Thumb Code    56  rtc.o(i.Bkp_Init)
    DMA1_Channel1_Event                      0x08000b6d   Thumb Code     2  dma_stm32f10x.o(i.DMA1_Channel1_Event)
    DMA1_Channel1_IRQHandler                 0x08000b71   Thumb Code    22  dma_stm32f10x.o(i.DMA1_Channel1_IRQHandler)
    DMA1_Channel2_Event                      0x08000b8d   Thumb Code     2  dma_stm32f10x.o(i.DMA1_Channel2_Event)
    DMA1_Channel2_IRQHandler                 0x08000b91   Thumb Code    24  dma_stm32f10x.o(i.DMA1_Channel2_IRQHandler)
    DMA1_Channel3_Event                      0x08000bad   Thumb Code     2  dma_stm32f10x.o(i.DMA1_Channel3_Event)
    DMA1_Channel3_IRQHandler                 0x08000bb1   Thumb Code    24  dma_stm32f10x.o(i.DMA1_Channel3_IRQHandler)
    DMA1_Channel4_Event                      0x08000bcd   Thumb Code     2  dma_stm32f10x.o(i.DMA1_Channel4_Event)
    DMA1_Channel4_IRQHandler                 0x08000bd1   Thumb Code    24  dma_stm32f10x.o(i.DMA1_Channel4_IRQHandler)
    DMA1_Channel5_Event                      0x08000bed   Thumb Code     2  dma_stm32f10x.o(i.DMA1_Channel5_Event)
    DMA1_Channel5_IRQHandler                 0x08000bf1   Thumb Code    24  dma_stm32f10x.o(i.DMA1_Channel5_IRQHandler)
    DMA1_Channel6_Event                      0x08000c0d   Thumb Code     2  dma_stm32f10x.o(i.DMA1_Channel6_Event)
    DMA1_Channel6_IRQHandler                 0x08000c11   Thumb Code    24  dma_stm32f10x.o(i.DMA1_Channel6_IRQHandler)
    DMA1_Channel7_Event                      0x08000c2d   Thumb Code     2  dma_stm32f10x.o(i.DMA1_Channel7_Event)
    DMA1_Channel7_IRQHandler                 0x08000c31   Thumb Code    24  dma_stm32f10x.o(i.DMA1_Channel7_IRQHandler)
    Date_TO_Sec                              0x08000c4d   Thumb Code   154  rtc.o(i.Date_TO_Sec)
    DelPage                                  0x08000cf9   Thumb Code    82  flash.o(i.DelPage)
    Delayms                                  0x08000d55   Thumb Code    30  delay.o(i.Delayms)
    EXTI0_IRQHandler                         0x08000d75   Thumb Code    26  exti.o(i.EXTI0_IRQHandler)
    FLASH_GetBank1Status                     0x08000da1   Thumb Code    48  stm32f10x_flash.o(i.FLASH_GetBank1Status)
    FLASH_WaitForLastOperation               0x08000dd5   Thumb Code    38  stm32f10x_flash.o(i.FLASH_WaitForLastOperation)
    FlashunInit                              0x08000dfd   Thumb Code    12  flash.o(i.FlashunInit)
    Get_Adc                                  0x08000e15   Thumb Code    64  adc.o(i.Get_Adc)
    Get_Adc_Average                          0x08000e59   Thumb Code    36  adc.o(i.Get_Adc_Average)
    Get_Crc                                  0x08000e7d   Thumb Code    68  crc.o(i.Get_Crc)
    Get_Crc16                                0x08000ec1   Thumb Code    60  crc.o(i.Get_Crc16)
    Handle_ReceiveData                       0x08000efd   Thumb Code   134  usart_data_analyze.o(i.Handle_ReceiveData)
    IWDG_Feed                                0x08000f91   Thumb Code    10  dog.o(i.IWDG_Feed)
    IWDG_Init                                0x08000fa1   Thumb Code    28  dog.o(i.IWDG_Init)
    Init_Gpio                                0x08000fc1   Thumb Code    34  pwm.o(i.Init_Gpio)
    Init_SyStemClock_inside                  0x08000fed   Thumb Code    96  rcc.o(i.Init_SyStemClock_inside)
    Is_LeapYear                              0x08001051   Thumb Code    58  rtc.o(i.Is_LeapYear)
    KEY_Init                                 0x0800108d   Thumb Code    52  exti.o(i.KEY_Init)
    LedToggle                                0x080010c9   Thumb Code    54  pwm.o(i.LedToggle)
    Operate_LED                              0x08001105   Thumb Code   438  usart_data_analyze.o(i.Operate_LED)
    PWM_TIM1_Init                            0x080012dd   Thumb Code   118  pwm.o(i.PWM_TIM1_Init)
    Pack_Data                                0x08001361   Thumb Code   196  usart_data_analyze.o(i.Pack_Data)
    RS485_Init                               0x08001429   Thumb Code   246  rs485.o(i.RS485_Init)
    RTC_IRQHandler                           0x08001531   Thumb Code    98  rtc.o(i.RTC_IRQHandler)
    RTC__NVIC_Init                           0x080015ad   Thumb Code    38  rtc.o(i.RTC__NVIC_Init)
    Rec_Data_Handle                          0x080015e1   Thumb Code  1288  usart_data_analyze.o(i.Rec_Data_Handle)
    Register_shortaddr                       0x08001af1   Thumb Code   178  usart_data_analyze.o(i.Register_shortaddr)
    Rtc_DAY_Get                              0x08001bb5   Thumb Code   116  rtc.o(i.Rtc_DAY_Get)
    Rtc_Get                                  0x08001c2d   Thumb Code   226  rtc.o(i.Rtc_Get)
    Rtc_Init                                 0x08001d21   Thumb Code   320  rtc.o(i.Rtc_Init)
    Rtc_Init2                                0x08001e79   Thumb Code    92  rtc.o(i.Rtc_Init2)
    Rtc_TIME_Set                             0x08001edd   Thumb Code   134  rtc.o(i.Rtc_TIME_Set)
    STMFLASH_ErasePage                       0x08001f71   Thumb Code    80  flash.o(i.STMFLASH_ErasePage)
    STMFLASH_GetStatus                       0x08001fc5   Thumb Code    38  flash.o(i.STMFLASH_GetStatus)
    STMFLASH_Lock                            0x08001ff1   Thumb Code    14  flash.o(i.STMFLASH_Lock)
    STMFLASH_WaitDone                        0x08002005   Thumb Code    42  flash.o(i.STMFLASH_WaitDone)
    STMFLASH_WriteHalfWord                   0x08002031   Thumb Code    66  flash.o(i.STMFLASH_WriteHalfWord)
    SystemInit                               0x08002161   Thumb Code    78  system_stm32f10x.o(i.SystemInit)
    TIM3_IRQHandler                          0x080021c1   Thumb Code    60  pwm.o(i.TIM3_IRQHandler)
    TIM3_Int_Init                            0x0800220d   Thumb Code    54  pwm.o(i.TIM3_Int_Init)
    TIMER3_UP__NVIC_Init                     0x0800224d   Thumb Code    38  pwm.o(i.TIMER3_UP__NVIC_Init)
    Total_worktime                           0x08002281   Thumb Code    44  usart_data_analyze.o(i.Total_worktime)
    USART1_IRQHandler                        0x080022b5   Thumb Code    62  usart.o(i.USART1_IRQHandler)
    USART1_NVIC_Init                         0x08002311   Thumb Code    48  usart.o(i.USART1_NVIC_Init)
    USART2_IRQHandler                        0x08002355   Thumb Code    46  rs485.o(i.USART2_IRQHandler)
    USART2_NVIC_INIT                         0x08002391   Thumb Code    48  rs485.o(i.USART2_NVIC_INIT)
    Uart1_PutChar                            0x080023d5   Thumb Code    22  usart.o(i.Uart1_PutChar)
    Upload_HeartbeatData                     0x080023f1   Thumb Code   260  usart_data_analyze.o(i.Upload_HeartbeatData)
    WWDG_IRQHandler                          0x08002519   Thumb Code     8  dog.o(i.WWDG_IRQHandler)
    WriteData                                0x08002525   Thumb Code    80  flash.o(i.WriteData)
    __0printf$2                              0x0800257d   Thumb Code    22  printf2.o(i.__0printf$2)
    __1printf$2                              0x0800257d   Thumb Code     0  printf2.o(i.__0printf$2)
    __2printf                                0x0800257d   Thumb Code     0  printf2.o(i.__0printf$2)
    __scatterload_copy                       0x0800259d   Thumb Code    14  handlers.o(i.__scatterload_copy)
    __scatterload_null                       0x080025ab   Thumb Code     2  handlers.o(i.__scatterload_null)
    __scatterload_zeroinit                   0x080025ad   Thumb Code    14  handlers.o(i.__scatterload_zeroinit)
    analyze_PWMcxe                           0x08002691   Thumb Code   154  usart_data_analyze.o(i.analyze_PWMcxe)
    fputc                                    0x0800273d   Thumb Code    24  usart.o(i.fputc)
    main                                     0x08002759   Thumb Code   128  main.o(i.main)
    pwmval                                   0x080027dd   Thumb Code    58  pwm.o(i.pwmval)
    uart_init                                0x08002821   Thumb Code   190  usart.o(i.uart_init)
    Days_Table                               0x08002940   Data          12  rtc.o(.constdata)
    Month_Table                              0x0800294c   Data          36  rtc.o(.constdata)
    _Week                                    0x08002970   Data          12  rtc.o(.constdata)
    Region$$Table$$Base                      0x080029c0   Number         0  anon$$obj.o(Region$$Table)
    Region$$Table$$Limit                     0x080029e0   Number         0  anon$$obj.o(Region$$Table)
    cnt                                      0x20000000   Data           2  usart.o(.data)
    getdata                                  0x20000002   Data           1  usart.o(.data)
    T                                        0x20000003   Data           1  usart.o(.data)
    TIMER3_flag                              0x20000004   Data           1  pwm.o(.data)
    USART_falg                               0x20000005   Data           1  pwm.o(.data)
    val                                      0x20000008   Data           4  adc.o(.data)
    max                                      0x2000000c   Data           4  adc.o(.data)
    min                                      0x20000010   Data           4  adc.o(.data)
    byte0                                    0x20000014   Data           4  adc.o(.data)
    byte1                                    0x20000018   Data           4  adc.o(.data)
    adcx                                     0x2000001c   Data           2  adc.o(.data)
    status                                   0x2000001e   Data           1  flash.o(.data)
    id                                       0x20000020   Data           5  usart_data_analyze.o(.data)
    RTC_Flag                                 0x20000025   Data           1  usart_data_analyze.o(.data)
    bb                                       0x20000026   Data           2  usart_data_analyze.o(.data)
    pwm_coe                                  0x20000028   Data           2  usart_data_analyze.o(.data)
    first                                    0x2000002a   Data           1  usart_data_analyze.o(.data)
    array_flag                               0x2000002b   Data           1  usart_data_analyze.o(.data)
    pwm                                      0x2000002c   Data           1  usart_data_analyze.o(.data)
    dimmer_num                               0x2000002d   Data           1  usart_data_analyze.o(.data)
    Dos_Flag                                 0x2000002e   Data           1  usart_data_analyze.o(.data)
    send_flag                                0x20000030   Data           2  rtc.o(.data)
    id_flag                                  0x20000032   Data           1  rtc.o(.data)
    opentime                                 0x20000034   Data           4  rtc.o(.data)
    bkp_flag                                 0x20000038   Data           1  rtc.o(.data)
    Week_Table                               0x2000003c   Data          28  rtc.o(.data)
    cnt1                                     0x20000058   Data           4  rtc.o(.data)
    debug_flag                               0x2000005c   Data           1  exti.o(.data)
    RS485_RX_BUF                             0x2000005d   Data           7  rs485.o(.data)
    RS485_RX_CNT                             0x20000064   Data           1  rs485.o(.data)
    __stdout                                 0x2000006c   Data           4  stdout.o(.data)
    buf                                      0x20000070   Data          50  usart.o(.bss)
    temp                                     0x200000a4   Data          80  adc.o(.bss)
    timer                                    0x200000f4   Data          10  rtc.o(.bss)
    __initial_sp                             0x20000500   Data           0  startup_stm32f10x_md.o(STACK)



==============================================================================

Memory Map of the image

  Image Entry point : 0x08000101

  Load Region LR_1 (Base: 0x08000000, Size: 0x00002a50, Max: 0xffffffff, ABSOLUTE)

    Execution Region ER_RO (Base: 0x08000000, Size: 0x000029e0, Max: 0xffffffff, ABSOLUTE)

    Base Addr    Size         Type   Attr      Idx    E Section Name        Object

    0x08000000   0x000000ec   Data   RO         3065    RESET               startup_stm32f10x_md.o
    0x080000ec   0x00000000   Code   RO         3116  * .ARM.Collect$$$$00000000  mc_w.l(entry.o)
    0x080000ec   0x00000004   Code   RO         3412    .ARM.Collect$$$$00000001  mc_w.l(entry2.o)
    0x080000f0   0x00000004   Code   RO         3415    .ARM.Collect$$$$00000004  mc_w.l(entry5.o)
    0x080000f4   0x00000000   Code   RO         3417    .ARM.Collect$$$$00000008  mc_w.l(entry7b.o)
    0x080000f4   0x00000000   Code   RO         3419    .ARM.Collect$$$$0000000A  mc_w.l(entry8b.o)
    0x080000f4   0x00000008   Code   RO         3420    .ARM.Collect$$$$0000000B  mc_w.l(entry9a.o)
    0x080000fc   0x00000000   Code   RO         3422    .ARM.Collect$$$$0000000D  mc_w.l(entry10a.o)
    0x080000fc   0x00000000   Code   RO         3424    .ARM.Collect$$$$0000000F  mc_w.l(entry11a.o)
    0x080000fc   0x00000004   Code   RO         3413    .ARM.Collect$$$$00002712  mc_w.l(entry2.o)
    0x08000100   0x00000024   Code   RO         3066  * .text               startup_stm32f10x_md.o
    0x08000124   0x00000024   Code   RO         3119    .text               mc_w.l(memcpya.o)
    0x08000148   0x00000024   Code   RO         3121    .text               mc_w.l(memseta.o)
    0x0800016c   0x000000b0   Code   RO         3386    .text               mf_w.l(fadd.o)
    0x0800021c   0x00000064   Code   RO         3388    .text               mf_w.l(fmul.o)
    0x08000280   0x0000007c   Code   RO         3390    .text               mf_w.l(fdiv.o)
    0x080002fc   0x000000e4   Code   RO         3392    .text               mf_w.l(dmul.o)
    0x080003e0   0x000000de   Code   RO         3394    .text               mf_w.l(ddiv.o)
    0x080004be   0x0000000a   Code   RO         3396    .text               mf_w.l(ffltui.o)
    0x080004c8   0x0000001a   Code   RO         3398    .text               mf_w.l(dfltui.o)
    0x080004e2   0x00000028   Code   RO         3400    .text               mf_w.l(ffixui.o)
    0x0800050a   0x00000032   Code   RO         3402    .text               mf_w.l(dfixui.o)
    0x0800053c   0x00000026   Code   RO         3404    .text               mf_w.l(f2d.o)
    0x08000562   0x00000038   Code   RO         3406    .text               mf_w.l(d2f.o)
    0x0800059a   0x00000002   PAD
    0x0800059c   0x00000014   Code   RO         3408    .text               mf_w.l(cfcmple.o)
    0x080005b0   0x00000014   Code   RO         3410    .text               mf_w.l(cfrcmple.o)
    0x080005c4   0x00000020   Code   RO         3431    .text               mc_w.l(llushr.o)
    0x080005e4   0x00000000   Code   RO         3433    .text               mc_w.l(iusefp.o)
    0x080005e4   0x0000006e   Code   RO         3434    .text               mf_w.l(fepilogue.o)
    0x08000652   0x000000ba   Code   RO         3436    .text               mf_w.l(depilogue.o)
    0x0800070c   0x00000024   Code   RO         3444    .text               mc_w.l(init.o)
    0x08000730   0x0000001e   Code   RO         3446    .text               mc_w.l(llshl.o)
    0x0800074e   0x00000002   PAD
    0x08000750   0x00000034   Code   RO          854    i.ADC1_2_IRQHandler  adc_mcbstm32e.o
    0x08000784   0x00000028   Code   RO          292    i.ADC_GPIO_config   adc.o
    0x080007ac   0x00000118   Code   RO          293    i.ADC_config        adc.o
    0x080008c4   0x000000fc   Code   RO          294    i.Analyze_Adc_I_Data  adc.o
    0x080009c0   0x000000fc   Code   RO          295    i.Analyze_Adc_U_Data  adc.o
    0x08000abc   0x00000070   Code   RO          428    i.Analyze_Rec_Frame  usart_data_analyze.o
    0x08000b2c   0x00000040   Code   RO          524    i.Bkp_Init          rtc.o
    0x08000b6c   0x00000002   Code   RO         2883    i.DMA1_Channel1_Event  dma_stm32f10x.o
    0x08000b6e   0x00000002   PAD
    0x08000b70   0x0000001c   Code   RO         2884    i.DMA1_Channel1_IRQHandler  dma_stm32f10x.o
    0x08000b8c   0x00000002   Code   RO         2885    i.DMA1_Channel2_Event  dma_stm32f10x.o
    0x08000b8e   0x00000002   PAD
    0x08000b90   0x0000001c   Code   RO         2886    i.DMA1_Channel2_IRQHandler  dma_stm32f10x.o
    0x08000bac   0x00000002   Code   RO         2887    i.DMA1_Channel3_Event  dma_stm32f10x.o
    0x08000bae   0x00000002   PAD
    0x08000bb0   0x0000001c   Code   RO         2888    i.DMA1_Channel3_IRQHandler  dma_stm32f10x.o
    0x08000bcc   0x00000002   Code   RO         2889    i.DMA1_Channel4_Event  dma_stm32f10x.o
    0x08000bce   0x00000002   PAD
    0x08000bd0   0x0000001c   Code   RO         2890    i.DMA1_Channel4_IRQHandler  dma_stm32f10x.o
    0x08000bec   0x00000002   Code   RO         2891    i.DMA1_Channel5_Event  dma_stm32f10x.o
    0x08000bee   0x00000002   PAD
    0x08000bf0   0x0000001c   Code   RO         2892    i.DMA1_Channel5_IRQHandler  dma_stm32f10x.o
    0x08000c0c   0x00000002   Code   RO         2893    i.DMA1_Channel6_Event  dma_stm32f10x.o
    0x08000c0e   0x00000002   PAD
    0x08000c10   0x0000001c   Code   RO         2894    i.DMA1_Channel6_IRQHandler  dma_stm32f10x.o
    0x08000c2c   0x00000002   Code   RO         2895    i.DMA1_Channel7_Event  dma_stm32f10x.o
    0x08000c2e   0x00000002   PAD
    0x08000c30   0x0000001c   Code   RO         2896    i.DMA1_Channel7_IRQHandler  dma_stm32f10x.o
    0x08000c4c   0x000000ac   Code   RO          525    i.Date_TO_Sec       rtc.o
    0x08000cf8   0x0000005c   Code   RO          353    i.DelPage           flash.o
    0x08000d54   0x0000001e   Code   RO          830    i.Delayms           delay.o
    0x08000d72   0x00000002   PAD
    0x08000d74   0x0000002c   Code   RO          617    i.EXTI0_IRQHandler  exti.o
    0x08000da0   0x00000034   Code   RO         1355    i.FLASH_GetBank1Status  stm32f10x_flash.o
    0x08000dd4   0x00000026   Code   RO         1376    i.FLASH_WaitForLastOperation  stm32f10x_flash.o
    0x08000dfa   0x00000002   PAD
    0x08000dfc   0x00000018   Code   RO          354    i.FlashunInit       flash.o
    0x08000e14   0x00000044   Code   RO          296    i.Get_Adc           adc.o
    0x08000e58   0x00000024   Code   RO          297    i.Get_Adc_Average   adc.o
    0x08000e7c   0x00000044   Code   RO          779    i.Get_Crc           crc.o
    0x08000ec0   0x0000003c   Code   RO          780    i.Get_Crc16         crc.o
    0x08000efc   0x00000094   Code   RO          430    i.Handle_ReceiveData  usart_data_analyze.o
    0x08000f90   0x00000010   Code   RO          716    i.IWDG_Feed         dog.o
    0x08000fa0   0x00000020   Code   RO          717    i.IWDG_Init         dog.o
    0x08000fc0   0x0000002c   Code   RO          229    i.Init_Gpio         pwm.o
    0x08000fec   0x00000064   Code   RO          143    i.Init_SyStemClock_inside  rcc.o
    0x08001050   0x0000003a   Code   RO          526    i.Is_LeapYear       rtc.o
    0x0800108a   0x00000002   PAD
    0x0800108c   0x0000003c   Code   RO          619    i.KEY_Init          exti.o
    0x080010c8   0x0000003c   Code   RO          230    i.LedToggle         pwm.o
    0x08001104   0x000001d8   Code   RO          431    i.Operate_LED       usart_data_analyze.o
    0x080012dc   0x00000084   Code   RO          231    i.PWM_TIM1_Init     pwm.o
    0x08001360   0x000000c8   Code   RO          432    i.Pack_Data         usart_data_analyze.o
    0x08001428   0x00000108   Code   RO          662    i.RS485_Init        rs485.o
    0x08001530   0x0000007c   Code   RO          527    i.RTC_IRQHandler    rtc.o
    0x080015ac   0x00000034   Code   RO          528    i.RTC__NVIC_Init    rtc.o
    0x080015e0   0x00000510   Code   RO          433    i.Rec_Data_Handle   usart_data_analyze.o
    0x08001af0   0x000000c4   Code   RO          434    i.Register_shortaddr  usart_data_analyze.o
    0x08001bb4   0x00000078   Code   RO          529    i.Rtc_DAY_Get       rtc.o
    0x08001c2c   0x000000f4   Code   RO          530    i.Rtc_Get           rtc.o
    0x08001d20   0x00000158   Code   RO          531    i.Rtc_Init          rtc.o
    0x08001e78   0x00000064   Code   RO          532    i.Rtc_Init2         rtc.o
    0x08001edc   0x00000094   Code   RO          534    i.Rtc_TIME_Set      rtc.o
    0x08001f70   0x00000054   Code   RO          355    i.STMFLASH_ErasePage  flash.o
    0x08001fc4   0x0000002c   Code   RO          356    i.STMFLASH_GetStatus  flash.o
    0x08001ff0   0x00000014   Code   RO          357    i.STMFLASH_Lock     flash.o
    0x08002004   0x0000002a   Code   RO          358    i.STMFLASH_WaitDone  flash.o
    0x0800202e   0x00000002   PAD
    0x08002030   0x00000048   Code   RO          359    i.STMFLASH_WriteHalfWord  flash.o
    0x08002078   0x00000008   Code   RO         3073    i.SetSysClock       system_stm32f10x.o
    0x08002080   0x000000e0   Code   RO         3074    i.SetSysClockTo72   system_stm32f10x.o
    0x08002160   0x00000060   Code   RO         3076    i.SystemInit        system_stm32f10x.o
    0x080021c0   0x0000004c   Code   RO          232    i.TIM3_IRQHandler   pwm.o
    0x0800220c   0x00000040   Code   RO          233    i.TIM3_Int_Init     pwm.o
    0x0800224c   0x00000034   Code   RO          234    i.TIMER3_UP__NVIC_Init  pwm.o
    0x08002280   0x00000034   Code   RO          435    i.Total_worktime    usart_data_analyze.o
    0x080022b4   0x0000005c   Code   RO          173    i.USART1_IRQHandler  usart.o
    0x08002310   0x00000044   Code   RO          174    i.USART1_NVIC_Init  usart.o
    0x08002354   0x0000003c   Code   RO          665    i.USART2_IRQHandler  rs485.o
    0x08002390   0x00000044   Code   RO          666    i.USART2_NVIC_INIT  rs485.o
    0x080023d4   0x0000001c   Code   RO          175    i.Uart1_PutChar     usart.o
    0x080023f0   0x00000128   Code   RO          436    i.Upload_HeartbeatData  usart_data_analyze.o
    0x08002518   0x0000000c   Code   RO          718    i.WWDG_IRQHandler   dog.o
    0x08002524   0x00000058   Code   RO          360    i.WriteData         flash.o
    0x0800257c   0x00000020   Code   RO         3192    i.__0printf$2       mc_w.l(printf2.o)
    0x0800259c   0x0000000e   Code   RO         3452    i.__scatterload_copy  mc_w.l(handlers.o)
    0x080025aa   0x00000002   Code   RO         3453    i.__scatterload_null  mc_w.l(handlers.o)
    0x080025ac   0x0000000e   Code   RO         3454    i.__scatterload_zeroinit  mc_w.l(handlers.o)
    0x080025ba   0x000000d6   Code   RO         3199    i._printf_core      mc_w.l(printf2.o)
    0x08002690   0x000000ac   Code   RO          437    i.analyze_PWMcxe    usart_data_analyze.o
    0x0800273c   0x0000001c   Code   RO          176    i.fputc             usart.o
    0x08002758   0x00000084   Code   RO            4    i.main              main.o
    0x080027dc   0x00000044   Code   RO          235    i.pwmval            pwm.o
    0x08002820   0x000000d0   Code   RO          177    i.uart_init         usart.o
    0x080028f0   0x00000050   Data   RO          439    .constdata          usart_data_analyze.o
    0x08002940   0x0000003c   Data   RO          536    .constdata          rtc.o
    0x0800297c   0x00000041   Data   RO          537    .conststring        rtc.o
    0x080029bd   0x00000003   PAD
    0x080029c0   0x00000020   Data   RO         3450    Region$$Table       anon$$obj.o


    Execution Region ER_RW (Base: 0x20000000, Size: 0x00000070, Max: 0xffffffff, ABSOLUTE)

    Base Addr    Size         Type   Attr      Idx    E Section Name        Object

    0x20000000   0x00000004   Data   RW          179    .data               usart.o
    0x20000004   0x00000004   Data   RW          236    .data               pwm.o
    0x20000008   0x00000016   Data   RW          299    .data               adc.o
    0x2000001e   0x00000001   Data   RW          362    .data               flash.o
    0x2000001f   0x00000001   PAD
    0x20000020   0x0000000f   Data   RW          440    .data               usart_data_analyze.o
    0x2000002f   0x00000001   PAD
    0x20000030   0x0000002c   Data   RW          538    .data               rtc.o
    0x2000005c   0x00000001   Data   RW          621    .data               exti.o
    0x2000005d   0x00000008   Data   RW          667    .data               rs485.o
    0x20000065   0x00000001   PAD
    0x20000066   0x00000003   Data   RW          861    .data               adc_mcbstm32e.o
    0x20000069   0x00000003   PAD
    0x2000006c   0x00000004   Data   RW         3426    .data               mc_w.l(stdout.o)


    Execution Region ER_ZI (Base: 0x20000070, Size: 0x00000490, Max: 0xffffffff, ABSOLUTE)

    Base Addr    Size         Type   Attr      Idx    E Section Name        Object

    0x20000070   0x00000032   Zero   RW          178    .bss                usart.o
    0x200000a2   0x00000002   PAD
    0x200000a4   0x00000050   Zero   RW          298    .bss                adc.o
    0x200000f4   0x0000000a   Zero   RW          535    .bss                rtc.o
    0x200000fe   0x00000002   PAD
    0x20000100   0x00000400   Zero   RW         3063    STACK               startup_stm32f10x_md.o


==============================================================================

Image component sizes


      Code (inc. data)   RO Data    RW Data    ZI Data      Debug   Object Name

       928        112          0         22         80       3741   adc.o
        52         12          0          3          0       1240   adc_mcbstm32e.o
       128          0          0          0          0       1458   crc.o
        30          0          0          0          0        454   delay.o
       210         30          0          0          0       7231   dma_stm32f10x.o
        60         14          0          0          0       1166   dog.o
       104         26          0          1          0        963   exti.o
       466         52          0          1          0       4376   flash.o
       132          4          0          0          0     214591   main.o
       496         80          0          4          0       3071   pwm.o
       100          4          0          0          0        426   rcc.o
       392         52          0          8          0       1940   rs485.o
      1426        134        125         44         10       6712   rtc.o
        36          8        236          0       1024        796   startup_stm32f10x_md.o
        90          4          0          0          0       1260   stm32f10x_flash.o
       328         28          0          0          0       1925   system_stm32f10x.o
       424         78          0          4         50       2927   usart.o
      2944        188         80         15          0       9444   usart_data_analyze.o

    ----------------------------------------------------------------------
      8368        826        476        108       1168     263721   Object Totals
         0          0         32          0          0          0   (incl. Generated)
        22          0          3          6          4          0   (incl. Padding)

    ----------------------------------------------------------------------

      Code (inc. data)   RO Data    RW Data    ZI Data      Debug   Library Member Name

         0          0          0          0          0          0   entry.o
         0          0          0          0          0          0   entry10a.o
         0          0          0          0          0          0   entry11a.o
         8          4          0          0          0          0   entry2.o
         4          0          0          0          0          0   entry5.o
         0          0          0          0          0          0   entry7b.o
         0          0          0          0          0          0   entry8b.o
         8          4          0          0          0          0   entry9a.o
        30          0          0          0          0          0   handlers.o
        36          8          0          0          0         68   init.o
         0          0          0          0          0          0   iusefp.o
        30          0          0          0          0         68   llshl.o
        32          0          0          0          0         68   llushr.o
        36          0          0          0          0         68   memcpya.o
        36          0          0          0          0        108   memseta.o
       246         10          0          0          0        176   printf2.o
         0          0          0          4          0          0   stdout.o
        20          0          0          0          0         68   cfcmple.o
        20          0          0          0          0         68   cfrcmple.o
        56          0          0          0          0         88   d2f.o
       222          0          0          0          0        100   ddiv.o
       186          0          0          0          0        176   depilogue.o
        50          0          0          0          0         76   dfixui.o
        26          0          0          0          0         76   dfltui.o
       228          0          0          0          0         96   dmul.o
        38          0          0          0          0         68   f2d.o
       176          0          0          0          0        140   fadd.o
       124          0          0          0          0         88   fdiv.o
       110          0          0          0          0        168   fepilogue.o
        40          0          0          0          0         68   ffixui.o
        10          0          0          0          0         68   ffltui.o
       100          0          0          0          0         76   fmul.o

    ----------------------------------------------------------------------
      1876         26          0          4          0       1980   Library Totals
         4          0          0          0          0          0   (incl. Padding)

    ----------------------------------------------------------------------

      Code (inc. data)   RO Data    RW Data    ZI Data      Debug   Library Name

       466         26          0          4          0        556   mc_w.l
      1406          0          0          0          0       1424   mf_w.l

    ----------------------------------------------------------------------
      1876         26          0          4          0       1980   Library Totals

    ----------------------------------------------------------------------

==============================================================================


      Code (inc. data)   RO Data    RW Data    ZI Data      Debug   

     10244        852        476        112       1168     260913   Grand Totals
     10244        852        476        112       1168     260913   ELF Image Totals
     10244        852        476        112          0          0   ROM Totals

==============================================================================

    Total RO  Size (Code + RO Data)                10720 (  10.47kB)
    Total RW  Size (RW Data + ZI Data)              1280 (   1.25kB)
    Total ROM Size (Code + RO Data + RW Data)      10832 (  10.58kB)

==============================================================================

